2026-10-07 03:52:03 ForegroundChanged gen=2.640 src=fg-boot data=io.github.mangi.eta [state-changed]
2026-10-07 03:52:15 ForegroundChanged gen=3.229 src=fg-inotify data=com.android.settings [state-changed]
2026-10-07 03:52:18 ForegroundChanged gen=4.168 src=fg-inotify data=com.android.launcher [state-changed]
2026-10-07 03:53:29 ForegroundChanged gen=5.334 src=fg-inotify data=io.github.mangi.eta [state-changed]
2026-10-07 03:55:04 ForegroundChanged gen=6.453 src=fg-inotify data=com.android.launcher [state-changed]
2026-10-07 03:55:09 ForegroundChanged gen=7.226 src=fg-inotify data=com.tencent.mm [state-changed]
2026-10-07 03:55:09 ForegroundChanged gen=8.782 src=fg-inotify data=com.tencent.mm:appbrand1 [state-changed]
2026-10-07 03:55:11 ForegroundChanged gen=9.421 src=fg-inotify data=com.tencent.mm:xweb_privileged_process_0 [state-changed]
2026-10-07 03:55:12 ForegroundChanged gen=10.450 src=fg-inotify data=com.android.launcher [state-changed]
2026-10-07 03:55:13 ForegroundChanged gen=11.698 src=fg-inotify data=com.tencent.mm [state-changed]
2026-10-07 03:55:15 ForegroundChanged gen=13.789 src=fg-inotify data=com.android.launcher [state-changed]
2026-10-07 03:55:20 ForegroundChanged gen=14.736 src=fg-inotify data=com.android.settings [state-changed]
2026-10-07 03:55:23 ForegroundChanged gen=15.670 src=fg-inotify data=com.android.launcher [state-changed]
2026-10-07 03:55:27 ForegroundChanged gen=16.534 src=fg-inotify data=com.ss.android.ugc.aweme [state-changed]
2026-10-07 03:59:41 ForegroundChanged gen=17.905 src=fg-inotify data=com.android.launcher [state-changed]
2026-10-07 03:59:48 ForegroundChanged gen=18.223 src=fg-inotify data=com.coolapk.market [state-changed]
2026-10-07 04:02:18 ForegroundChanged gen=19.588 src=fg-inotify data=com.android.launcher [state-changed]
2026-10-07 04:02:22 ForegroundChanged gen=20.722 src=fg-inotify data=io.github.mangi.eta [state-changed]
2026-10-07 04:03:11 ForegroundChanged gen=21.580 src=fg-inotify data=com.android.launcher [state-changed]
2026-10-07 04:03:13 ForegroundChanged gen=22.513 src=fg-inotify data=com.ss.android.ugc.aweme [state-changed]
2026-10-07 04:05:23 ForegroundChanged gen=23.007 src=fg-inotify data=com.android.launcher [state-changed]
2026-10-07 04:05:24 ForegroundChanged gen=24.741 src=fg-inotify data=io.github.mangi.eta [state-changed]
2026-10-07 04:11:34 ForegroundChanged gen=25.592 src=fg-inotify data=com.android.launcher [state-changed]
2026-10-07 04:11:36 ForegroundChanged gen=26.919 src=fg-inotify data=com.coolapk.market [state-changed]
2026-10-07 04:11:40 ForegroundChanged gen=27.248 src=fg-inotify data=com.android.launcher [state-changed]
2026-10-07 04:11:44 ForegroundChanged gen=28.166 src=fg-inotify data=com.tencent.mm [state-changed]
2026-10-07 04:11:47 ForegroundChanged gen=29.673 src=fg-inotify data=com.android.launcher [state-changed]
2026-10-07 04:11:58 ForegroundChanged gen=30.556 src=fg-inotify data=com.tencent.tmgp.sgame [state-changed]
2026-10-07 04:54:33 ForegroundChanged gen=43.084 src=fg-inotify data=com.android.launcher [state-changed]
2026-10-07 04:54:35 ForegroundChanged gen=44.971 src=fg-inotify data=com.tencent.mm [state-changed]
2026-10-07 04:54:38 ForegroundChanged gen=45.915 src=fg-inotify data=com.android.launcher [state-changed]
2026-10-07 04:54:44 ForegroundChanged gen=47.045 src=fg-inotify data=io.github.mangi.eta [state-changed]
2026-10-07 04:54:58 ForegroundChanged gen=48.616 src=fg-inotify data=com.android.launcher [state-changed]
2026-10-07 04:55:01 ForegroundChanged gen=49.565 src=fg-inotify data=com.coolapk.market [state-changed]
2026-10-07 04:55:46 ForegroundChanged gen=50.395 src=fg-inotify data=com.android.launcher [state-changed]
2026-10-07 04:55:48 ForegroundChanged gen=51.392 src=fg-inotify data=com.tencent.mobileqq [state-changed]
2026-10-07 04:57:12 ForegroundChanged gen=52.315 src=fg-inotify data=com.android.launcher [state-changed]
2026-10-07 04:57:15 ForegroundChanged gen=53.757 src=fg-inotify data=com.sankuai.meituan [state-changed]
2026-10-07 05:00:58 ForegroundChanged gen=55.535 src=fg-inotify data=com.android.launcher [state-changed]
2026-10-07 05:01:01 ForegroundChanged gen=56.706 src=fg-inotify data=com.tencent.tmgp.sgame [state-changed]
2026-10-07 05:02:23 ForegroundChanged gen=58.416 src=fg-inotify data=com.android.launcher [state-changed]
2026-10-07 05:02:28 ForegroundChanged gen=59.812 src=fg-inotify data=com.ss.android.ugc.aweme [state-changed]
2026-10-07 05:14:02 ForegroundChanged gen=61.793 src=fg-inotify data=com.android.launcher [state-changed]
2026-10-07 05:14:06 ForegroundChanged gen=62.531 src=fg-inotify data=io.github.mangi.eta [state-changed]
2026-10-07 05:29:50 ForegroundChanged gen=63.761 src=fg-inotify data=com.android.photopicker [state-changed]
2026-10-07 05:29:56 ForegroundChanged gen=64.492 src=fg-inotify data=io.github.mangi.eta [state-changed]
2026-10-07 05:29:58 ForegroundChanged gen=65.421 src=fg-inotify data=com.android.photopicker [state-changed]
2026-10-07 05:30:02 ForegroundChanged gen=66.562 src=fg-inotify data=io.github.mangi.eta [state-changed]
2026-10-07 05:31:19 ForegroundChanged gen=67.813 src=fg-inotify data=com.android.photopicker [state-changed]
2026-10-07 05:31:43 ForegroundChanged gen=68.580 src=fg-inotify data=io.github.mangi.eta [state-changed]
2026-10-07 05:46:10 ForegroundChanged gen=69.162 src=fg-inotify data=com.android.photopicker [state-changed]
2026-10-07 05:46:23 ForegroundChanged gen=70.513 src=fg-inotify data=io.github.mangi.eta [state-changed]
2026-10-07 05:59:19 ForegroundChanged gen=74.922 src=fg-inotify data=com.android.launcher [state-changed]
2026-10-07 05:59:20 ForegroundChanged gen=75.998 src=fg-inotify data=com.tencent.mm [state-changed]
2026-10-07 05:59:33 ForegroundChanged gen=77.632 src=fg-inotify data=com.android.launcher [state-changed]
2026-10-07 05:59:36 ForegroundChanged gen=78.027 src=fg-inotify data=com.tencent.mm [state-changed]
2026-10-07 06:01:50 ForegroundChanged gen=80.549 src=fg-inotify data=com.android.launcher [state-changed]
2026-10-07 06:01:51 ForegroundChanged gen=81.923 src=fg-inotify data=io.github.mangi.eta [state-changed]
2026-10-07 06:39:38 ForegroundChanged gen=95.129 src=fg-inotify data=com.android.launcher [state-changed]
2026-10-07 06:39:56 ForegroundChanged gen=98.427 src=fg-inotify data=io.github.mangi.eta [state-changed]
2026-10-07 06:41:13 ForegroundChanged gen=99.212 src=fg-inotify data=com.android.launcher [state-changed]
2026-10-07 06:41:20 ForegroundChanged gen=101.832 src=fg-inotify data=me.weishu.kernelsu [state-changed]
2026-10-07 06:41:23 ForegroundChanged gen=102.174 src=fg-inotify data=com.android.launcher [state-changed]
2026-10-07 06:41:27 ForegroundChanged gen=103.319 src=fg-inotify data=com.tencent.mm [state-changed]
2026-10-07 06:41:31 ForegroundChanged gen=104.808 src=fg-inotify data=com.tencent.mobileqq [state-changed]
2026-10-07 06:41:37 ForegroundChanged gen=105.466 src=fg-inotify data=com.android.launcher [state-changed]
2026-10-07 06:41:39 ForegroundChanged gen=106.625 src=fg-inotify data=io.github.mangi.eta [state-changed]
2026-10-07 06:41:54 ForegroundChanged gen=107.212 src=fg-inotify data=com.android.launcher [state-changed]
2026-10-07 06:41:58 ForegroundChanged gen=108.611 src=fg-inotify data=com.github.android [state-changed]
2026-10-07 06:42:55 ForegroundChanged gen=110.742 src=fg-inotify data=com.android.launcher [state-changed]
2026-10-07 06:42:57 ForegroundChanged gen=111.674 src=fg-inotify data=io.github.mangi.eta [state-changed]
2026-10-07 06:53:13 ForegroundChanged gen=112.778 src=fg-inotify data=com.android.launcher [state-changed]
2026-10-07 06:53:15 ForegroundChanged gen=113.513 src=fg-inotify data=io.github.mangi.eta [state-changed]
2026-10-07 07:01:21 ForegroundChanged gen=114.230 src=fg-inotify data=com.android.launcher [state-changed]
2026-10-07 07:01:24 ForegroundChanged gen=115.360 src=fg-inotify data=com.github.android [state-changed]
2026-10-07 07:01:52 ForegroundChanged gen=116.501 src=fg-inotify data=com.brave.browser [state-changed]
2026-10-07 07:02:23 ForegroundChanged gen=117.849 src=fg-inotify data=com.android.packageinstaller [state-changed]
2026-10-07 07:02:34 ForegroundChanged gen=118.778 src=fg-inotify data=com.brave.browser [state-changed]
2026-10-07 07:02:36 ForegroundChanged gen=119.525 src=fg-inotify data=com.android.launcher [state-changed]
2026-10-07 07:02:39 ForegroundChanged gen=120.509 src=fg-inotify data=io.github.mangi.eta [state-changed]
2026-10-07 07:03:30 ForegroundChanged gen=121.550 src=fg-inotify data=com.android.launcher [state-changed]
2026-10-07 07:03:31 ForegroundChanged gen=122.962 src=fg-inotify data=com.tencent.mm [state-changed]
2026-10-07 07:04:02 ForegroundChanged gen=124.107 src=fg-inotify data=com.android.launcher [state-changed]
2026-10-07 07:04:03 ForegroundChanged gen=125.849 src=fg-inotify data=io.github.mangi.eta [state-changed]
2026-10-07 07:05:19 ForegroundChanged gen=126.967 src=fg-inotify data=com.android.launcher [state-changed]
2026-10-07 07:05:23 ForegroundChanged gen=127.785 src=fg-inotify data=bin.mt.plus [state-changed]
2026-10-07 07:05:49 ForegroundChanged gen=129.002 src=fg-inotify data=com.android.launcher [state-changed]
2026-10-07 07:05:50 ForegroundChanged gen=130.371 src=fg-inotify data=io.github.mangi.eta [state-changed]
2026-10-07 07:23:46 ForegroundChanged gen=138.825 src=fg-inotify data=com.android.launcher [state-changed]
2026-10-07 07:23:53 ForegroundChanged gen=139.368 src=fg-inotify data=com.brave.browser [state-changed]
2026-10-07 07:25:20 ForegroundChanged gen=140.478 src=fg-inotify data=com.android.launcher [state-changed]
2026-10-07 07:25:23 ForegroundChanged gen=141.018 src=fg-inotify data=io.github.mangi.eta [state-changed]
2026-10-07 07:26:01 ForegroundChanged gen=142.859 src=fg-inotify data=com.android.launcher [state-changed]
2026-10-07 07:26:07 ForegroundChanged gen=143.096 src=fg-inotify data=com.tencent.mm [state-changed]
2026-10-07 07:26:08 ForegroundChanged gen=145.964 src=fg-inotify data=com.android.launcher [state-changed]
2026-10-07 07:26:12 ForegroundChanged gen=146.345 src=fg-inotify data=io.github.mangi.eta [state-changed]
2026-10-07 07:26:50 ForegroundChanged gen=149.380 src=fg-inotify data=com.android.launcher [state-changed]
2026-10-07 07:26:54 ForegroundChanged gen=150.320 src=fg-inotify data=com.github.android [state-changed]
2026-10-07 07:27:07 ForegroundChanged gen=151.677 src=fg-inotify data=com.brave.browser [state-changed]
2026-10-07 07:27:21 ForegroundChanged gen=152.753 src=fg-inotify data=com.android.packageinstaller [state-changed]
2026-10-07 07:27:32 ForegroundChanged gen=154.895 src=fg-inotify data=com.brave.browser [state-changed]
2026-10-07 07:27:34 ForegroundChanged gen=155.220 src=fg-inotify data=com.android.launcher [state-changed]
2026-10-07 07:27:40 ForegroundChanged gen=156.031 src=fg-inotify data=io.github.mangi.eta [state-changed]
2026-10-07 07:29:36 ForegroundChanged gen=158.606 src=fg-inotify data=com.android.launcher [state-changed]
2026-10-07 07:29:39 ForegroundChanged gen=159.741 src=fg-inotify data=com.brave.browser [state-changed]
2026-10-07 07:29:46 ForegroundChanged gen=160.296 src=fg-inotify data=com.android.launcher [state-changed]
2026-10-07 07:29:51 ForegroundChanged gen=161.654 src=fg-inotify data=io.github.mangi.eta [state-changed]
2026-10-07 07:29:54 ForegroundChanged gen=162.198 src=fg-inotify data=com.android.launcher [state-changed]
2026-10-07 07:29:58 ForegroundChanged gen=163.578 src=fg-inotify data=org.telegram.messenger [state-changed]
2026-10-07 07:29:59 ForegroundChanged gen=164.359 src=fg-inotify data=com.android.permissioncontroller [state-changed]
2026-10-07 07:29:59 ForegroundChanged gen=165.888 src=fg-inotify data=org.telegram.messenger [state-changed]
2026-10-07 07:34:16 ForegroundChanged gen=166.813 src=fg-inotify data=com.android.launcher [state-changed]
2026-10-07 07:34:17 ForegroundChanged gen=167.814 src=fg-inotify data=io.github.mangi.eta [state-changed]
2026-10-07 07:34:43 ForegroundChanged gen=168.609 src=fg-inotify data=com.android.launcher [state-changed]
2026-10-07 07:34:44 ForegroundChanged gen=169.567 src=fg-inotify data=org.telegram.messenger [state-changed]
2026-10-07 07:41:38 ForegroundChanged gen=170.873 src=fg-inotify data=com.android.launcher [state-changed]
2026-10-07 07:41:39 ForegroundChanged gen=171.807 src=fg-inotify data=io.github.mangi.eta [state-changed]
2026-10-07 07:41:45 ForegroundChanged gen=172.551 src=fg-inotify data=com.android.launcher [state-changed]
2026-10-07 07:41:46 ForegroundChanged gen=173.477 src=fg-inotify data=org.telegram.messenger [state-changed]
2026-10-07 07:43:22 ForegroundChanged gen=174.287 src=fg-inotify data=com.android.launcher [state-changed]
2026-10-07 07:43:23 ForegroundChanged gen=175.430 src=fg-inotify data=io.github.mangi.eta [state-changed]
2026-10-07 07:44:08 ForegroundChanged gen=176.497 src=fg-inotify data=com.android.launcher [state-changed]
2026-10-07 07:44:23 ForegroundChanged gen=177.335 src=fg-inotify data=com.coolapk.market [state-changed]
2026-10-07 07:45:23 ForegroundChanged gen=178.531 src=fg-inotify data=com.android.launcher [state-changed]
2026-10-07 07:45:25 ForegroundChanged gen=179.856 src=fg-inotify data=org.telegram.messenger [state-changed]
2026-10-07 07:46:56 ForegroundChanged gen=180.588 src=fg-inotify data=com.android.launcher [state-changed]
2026-10-07 07:46:58 ForegroundChanged gen=181.128 src=fg-inotify data=io.github.mangi.eta [state-changed]
2026-10-07 07:47:02 ForegroundChanged gen=182.064 src=fg-inotify data=com.android.launcher [state-changed]
2026-10-07 07:47:02 ForegroundChanged gen=183.996 src=fg-inotify data=org.telegram.messenger [state-changed]
2026-10-07 07:49:55 ForegroundChanged gen=184.486 src=fg-inotify data=com.android.launcher [state-changed]
2026-10-07 07:49:56 ForegroundChanged gen=185.834 src=fg-inotify data=io.github.mangi.eta [state-changed]
2026-10-07 07:52:09 ForegroundChanged gen=186.147 src=fg-inotify data=com.android.launcher [state-changed]
2026-10-07 07:52:12 ForegroundChanged gen=187.531 src=fg-inotify data=com.tencent.mm [state-changed]
2026-10-07 07:52:13 ForegroundChanged gen=188.517 src=fg-inotify data=com.android.launcher [state-changed]
2026-10-07 07:52:17 ForegroundChanged gen=189.957 src=fg-inotify data=com.github.android [state-changed]
2026-10-07 07:52:37 ForegroundChanged gen=190.868 src=fg-inotify data=com.brave.browser [state-changed]
2026-10-07 07:52:50 ForegroundChanged gen=191.414 src=fg-inotify data=com.android.packageinstaller [state-changed]
2026-10-07 07:53:01 ForegroundChanged gen=192.784 src=fg-inotify data=com.brave.browser [state-changed]
2026-10-07 07:53:03 ForegroundChanged gen=193.120 src=fg-inotify data=com.android.launcher [state-changed]
2026-10-07 07:53:05 ForegroundChanged gen=194.089 src=fg-inotify data=com.tencent.mm [state-changed]
2026-10-07 07:53:05 ForegroundChanged gen=195.926 src=fg-inotify data=com.android.launcher [state-changed]
2026-10-07 07:53:08 ForegroundChanged gen=196.275 src=fg-inotify data=io.github.mangi.eta [state-changed]
2026-10-07 08:19:26 ForegroundChanged gen=198.880 src=fg-inotify data=com.android.launcher [state-changed]
2026-10-07 08:19:28 ForegroundChanged gen=199.223 src=fg-inotify data=com.coloros.gallery3d [state-changed]
2026-10-07 08:20:31 ForegroundChanged gen=201.473 src=fg-inotify data=com.android.launcher [state-changed]
2026-10-07 08:20:32 ForegroundChanged gen=202.458 src=fg-inotify data=io.github.mangi.eta [state-changed]
2026-10-07 08:20:47 ForegroundChanged gen=203.622 src=fg-inotify data=com.android.launcher [state-changed]
2026-10-07 08:20:55 ForegroundChanged gen=204.817 src=fg-inotify data=io.github.mangi.eta [state-changed]
2026-10-07 08:21:29 ForegroundChanged gen=205.004 src=fg-inotify data=com.android.launcher [state-changed]
2026-10-07 08:21:30 ForegroundChanged gen=206.145 src=fg-inotify data=com.coloros.gallery3d [state-changed]
2026-10-07 08:23:15 ForegroundChanged gen=207.295 src=fg-inotify data=com.android.launcher [state-changed]
2026-10-07 08:23:16 ForegroundChanged gen=208.242 src=fg-inotify data=io.github.mangi.eta [state-changed]
2026-10-07 08:24:24 ForegroundChanged gen=209.878 src=fg-inotify data=com.android.launcher [state-changed]
2026-10-07 08:24:26 ForegroundChanged gen=210.913 src=fg-inotify data=com.tencent.mm [state-changed]
2026-10-07 08:24:40 ForegroundChanged gen=212.469 src=fg-inotify data=com.android.launcher [state-changed]
2026-10-07 08:24:41 ForegroundChanged gen=213.479 src=fg-inotify data=io.github.mangi.eta [state-changed]
2026-10-07 08:47:30 ForegroundChanged gen=228.412 src=fg-inotify data=com.android.launcher [state-changed]
2026-10-07 08:50:30 ForegroundChanged gen=229.836 src=fg-inotify data=io.github.mangi.eta [state-changed]
2026-10-07 09:08:11 ForegroundChanged gen=233.683 src=fg-inotify data=com.android.launcher [state-changed]
2026-10-07 09:08:13 ForegroundChanged gen=234.233 src=fg-inotify data=com.tencent.mm [state-changed]
2026-10-07 09:08:20 ForegroundChanged gen=235.182 src=fg-inotify data=com.android.launcher [state-changed]
2026-10-07 09:08:23 ForegroundChanged gen=236.935 src=fg-inotify data=com.tencent.mm [state-changed]
2026-10-07 09:08:26 ForegroundChanged gen=237.055 src=fg-inotify data=com.android.launcher [state-changed]
2026-10-07 09:08:27 ForegroundChanged gen=238.199 src=fg-inotify data=com.coloros.gallery3d [state-changed]
2026-10-07 09:08:38 ForegroundChanged gen=240.008 src=fg-inotify data=com.android.launcher [state-changed]
2026-10-07 09:08:39 ForegroundChanged gen=241.158 src=fg-inotify data=com.tencent.mm [state-changed]
2026-10-07 09:10:07 ForegroundChanged gen=242.494 src=fg-inotify data=com.android.launcher [state-changed]
2026-10-07 09:10:09 ForegroundChanged gen=243.650 src=fg-inotify data=io.github.mangi.eta [state-changed]
2026-10-07 09:16:44 ForegroundChanged gen=244.326 src=fg-inotify data=com.android.launcher [state-changed]
2026-10-07 09:16:45 ForegroundChanged gen=245.526 src=fg-inotify data=com.tencent.mm [state-changed]
2026-10-07 09:17:09 ForegroundChanged gen=246.110 src=fg-inotify data=com.android.launcher [state-changed]
2026-10-07 09:17:11 ForegroundChanged gen=247.066 src=fg-inotify data=io.github.mangi.eta [state-changed]
2026-10-07 09:24:58 ForegroundChanged gen=248.508 src=fg-inotify data=com.android.launcher [state-changed]
2026-10-07 09:24:59 ForegroundChanged gen=249.842 src=fg-inotify data=com.tencent.mm [state-changed]
2026-10-07 09:25:01 ForegroundChanged gen=250.135 src=fg-inotify data=com.android.launcher [state-changed]
2026-10-07 09:25:02 ForegroundChanged gen=251.397 src=fg-inotify data=com.coloros.gallery3d [state-changed]
2026-10-07 09:25:09 ForegroundChanged gen=253.984 src=fg-inotify data=com.android.launcher [state-changed]
2026-10-07 09:25:14 ForegroundChanged gen=254.242 src=fg-inotify data=com.tencent.mm [state-changed]
2026-10-07 09:25:16 ForegroundChanged gen=255.206 src=fg-inotify data=com.android.launcher [state-changed]
2026-10-07 09:25:34 ForegroundChanged gen=256.820 src=fg-inotify data=com.tencent.mobileqq [state-changed]
2026-10-07 09:25:48 ForegroundChanged gen=257.417 src=fg-inotify data=com.android.launcher [state-changed]
2026-10-07 09:25:50 ForegroundChanged gen=258.776 src=fg-inotify data=io.github.mangi.eta [state-changed]
2026-10-07 09:26:03 ForegroundChanged gen=259.924 src=fg-inotify data=com.android.launcher [state-changed]
2026-10-07 09:26:05 ForegroundChanged gen=260.853 src=fg-inotify data=com.tencent.mobileqq [state-changed]
2026-10-07 09:26:06 ForegroundChanged gen=261.824 src=fg-inotify data=com.android.launcher [state-changed]
2026-10-07 09:26:12 ForegroundChanged gen=262.375 src=fg-inotify data=ai.x.grok [state-changed]
2026-10-07 09:35:24 ForegroundChanged gen=263.651 src=fg-inotify data=com.android.launcher [state-changed]
2026-10-07 09:35:29 ForegroundChanged gen=264.248 src=fg-inotify data=ai.x.grok [state-changed]
2026-10-07 09:36:20 ForegroundChanged gen=265.089 src=fg-inotify data=com.android.launcher [state-changed]
2026-10-07 09:36:21 ForegroundChanged gen=266.024 src=fg-inotify data=com.tencent.mobileqq [state-changed]
2026-10-07 09:36:22 ForegroundChanged gen=267.167 src=fg-inotify data=com.android.launcher [state-changed]
2026-10-07 09:36:23 ForegroundChanged gen=268.331 src=fg-inotify data=com.coloros.gallery3d [state-changed]
2026-10-07 09:36:38 ForegroundChanged gen=269.148 src=fg-inotify data=com.android.launcher [state-changed]
2026-10-07 09:36:39 ForegroundChanged gen=270.901 src=fg-inotify data=ai.x.grok [state-changed]
2026-10-07 09:36:49 ForegroundChanged gen=271.249 src=fg-inotify data=com.android.launcher [state-changed]
2026-10-07 09:36:50 ForegroundChanged gen=272.371 src=fg-inotify data=com.coloros.gallery3d [state-changed]
2026-10-07 09:36:57 ForegroundChanged gen=273.773 src=fg-inotify data=com.android.launcher [state-changed]
2026-10-07 09:36:58 ForegroundChanged gen=274.920 src=fg-inotify data=ai.x.grok [state-changed]
2026-10-07 09:38:18 ForegroundChanged gen=275.025 src=fg-inotify data=com.android.launcher [state-changed]
2026-10-07 09:38:19 ForegroundChanged gen=276.553 src=fg-inotify data=com.tencent.mobileqq [state-changed]
2026-10-07 09:38:20 ForegroundChanged gen=277.284 src=fg-inotify data=com.android.launcher [state-changed]
2026-10-07 09:38:21 ForegroundChanged gen=278.622 src=fg-inotify data=io.github.mangi.eta [state-changed]
2026-10-07 09:39:19 ForegroundChanged gen=279.867 src=fg-inotify data=com.android.launcher [state-changed]
2026-10-07 09:39:22 ForegroundChanged gen=280.217 src=fg-inotify data=com.tencent.mm [state-changed]
2026-10-07 09:39:38 ForegroundChanged gen=282.517 src=fg-inotify data=com.android.launcher [state-changed]
2026-10-07 09:39:39 ForegroundChanged gen=283.457 src=fg-inotify data=io.github.mangi.eta [state-changed]
2026-10-07 09:39:52 ForegroundChanged gen=284.809 src=fg-inotify data=com.android.launcher [state-changed]
2026-10-07 09:39:53 ForegroundChanged gen=285.845 src=fg-inotify data=com.tencent.mm [state-changed]
2026-10-07 09:41:41 ForegroundChanged gen=286.637 src=fg-inotify data=com.android.launcher [state-changed]
2026-10-07 09:41:45 ForegroundChanged gen=288.926 src=fg-inotify data=com.tencent.mm [state-changed]
2026-10-07 09:42:21 ForegroundChanged gen=289.391 src=fg-inotify data=com.android.launcher [state-changed]
2026-10-07 09:42:22 ForegroundChanged gen=290.546 src=fg-inotify data=io.github.mangi.eta [state-changed]
2026-10-07 09:45:45 ForegroundChanged gen=291.915 src=fg-inotify data=com.android.launcher [state-changed]
2026-10-07 09:45:46 ForegroundChanged gen=292.894 src=fg-inotify data=com.tencent.mm [state-changed]
2026-10-07 09:46:00 ForegroundChanged gen=293.028 src=fg-inotify data=com.android.launcher [state-changed]
2026-10-07 09:46:00 ForegroundChanged gen=294.981 src=fg-inotify data=io.github.mangi.eta [state-changed]
2026-10-07 09:46:17 ForegroundChanged gen=295.731 src=fg-inotify data=com.android.launcher [state-changed]
2026-10-07 09:46:18 ForegroundChanged gen=296.735 src=fg-inotify data=com.tencent.mm [state-changed]
2026-10-07 09:46:50 ForegroundChanged gen=297.344 src=fg-inotify data=com.android.launcher [state-changed]
2026-10-07 09:46:51 ForegroundChanged gen=298.476 src=fg-inotify data=io.github.mangi.eta [state-changed]
2026-10-07 09:50:04 ForegroundChanged gen=299.070 src=fg-inotify data=com.android.launcher [state-changed]
2026-10-07 09:50:05 ForegroundChanged gen=300.177 src=fg-inotify data=com.tencent.mm [state-changed]
2026-10-07 09:50:17 ForegroundChanged gen=301.335 src=fg-inotify data=com.android.launcher [state-changed]
2026-10-07 09:50:18 ForegroundChanged gen=302.470 src=fg-inotify data=io.github.mangi.eta [state-changed]
2026-10-07 09:51:34 ForegroundChanged gen=303.077 src=fg-inotify data=com.android.launcher [state-changed]
2026-10-07 09:51:36 ForegroundChanged gen=304.908 src=fg-inotify data=ai.x.grok [state-changed]
2026-10-07 09:51:39 ForegroundChanged gen=305.431 src=fg-inotify data=com.android.photopicker [state-changed]
2026-10-07 09:51:46 ForegroundChanged gen=306.190 src=fg-inotify data=ai.x.grok [state-changed]
2026-10-07 09:52:15 ForegroundChanged gen=307.419 src=fg-inotify data=com.android.launcher [state-changed]
2026-10-07 09:52:18 ForegroundChanged gen=308.562 src=fg-inotify data=ai.x.grok [state-changed]
2026-10-07 09:59:21 ForegroundChanged gen=309.496 src=fg-inotify data=com.android.launcher [state-changed]
2026-10-07 09:59:25 ForegroundChanged gen=310.378 src=fg-inotify data=com.tencent.mm [state-changed]
2026-10-07 09:59:26 ForegroundChanged gen=311.362 src=fg-inotify data=com.android.launcher [state-changed]
2026-10-07 09:59:34 ForegroundChanged gen=312.604 src=fg-inotify data=io.github.mangi.eta [state-changed]
2026-10-07 10:01:15 ForegroundChanged gen=313.499 src=fg-inotify data=com.android.launcher [state-changed]
2026-10-07 10:01:18 ForegroundChanged gen=314.707 src=fg-inotify data=com.coloros.gallery3d [state-changed]
2026-10-07 10:01:35 ForegroundChanged gen=315.469 src=fg-inotify data=com.android.launcher [state-changed]
2026-10-07 10:01:37 ForegroundChanged gen=316.750 src=fg-inotify data=com.tencent.mm [state-changed]
2026-10-07 10:01:39 ForegroundChanged gen=317.062 src=fg-inotify data=com.android.launcher [state-changed]
2026-10-07 10:05:16 ForegroundChanged gen=318.723 src=fg-inotify data=io.github.mangi.eta [state-changed]
2026-10-07 10:05:37 ForegroundChanged gen=319.078 src=fg-inotify data=com.android.launcher [state-changed]
2026-10-07 10:05:39 ForegroundChanged gen=320.194 src=fg-inotify data=com.tencent.mm [state-changed]
2026-10-07 10:05:41 ForegroundChanged gen=321.227 src=fg-inotify data=com.android.launcher [state-changed]
2026-10-07 10:05:44 ForegroundChanged gen=322.198 src=fg-inotify data=com.tencent.mm [state-changed]
2026-10-07 10:07:41 ForegroundChanged gen=324.183 src=fg-inotify data=com.android.launcher [state-changed]
2026-10-07 10:07:42 ForegroundChanged gen=325.546 src=fg-inotify data=com.tencent.mobileqq [state-changed]
2026-10-07 10:07:43 ForegroundChanged gen=326.690 src=fg-inotify data=com.android.launcher [state-changed]
2026-10-07 10:07:49 ForegroundChanged gen=327.242 src=fg-inotify data=com.github.android [state-changed]
2026-10-07 10:08:13 ForegroundChanged gen=328.955 src=fg-inotify data=com.brave.browser [state-changed]
2026-10-07 10:08:48 ForegroundChanged gen=329.871 src=fg-inotify data=com.android.packageinstaller [state-changed]
2026-10-07 10:09:00 ForegroundChanged gen=330.226 src=fg-inotify data=com.brave.browser [state-changed]
2026-10-07 10:09:02 ForegroundChanged gen=331.158 src=fg-inotify data=com.android.launcher [state-changed]
2026-10-07 10:09:05 ForegroundChanged gen=332.093 src=fg-inotify data=com.tencent.mm [state-changed]
2026-10-07 10:10:04 ForegroundChanged gen=333.189 src=fg-inotify data=com.android.launcher [state-changed]
2026-10-07 13:46:18 ForegroundChanged gen=2.643 src=fg-boot data=io.github.mangi.eta [state-changed]
2026-10-07 13:46:36 ForegroundChanged gen=3.420 src=fg-inotify data=com.android.launcher [state-changed]
2026-10-07 13:47:37 ForegroundChanged gen=4.713 src=fg-inotify data=io.github.mangi.eta [state-changed]
2026-10-07 13:48:03 ForegroundChanged gen=5.514 src=fg-inotify data=com.android.launcher [state-changed]
2026-10-07 13:48:09 ForegroundChanged gen=6.500 src=fg-inotify data=com.tencent.mm [state-changed]
2026-10-07 13:48:15 ForegroundChanged gen=7.625 src=fg-inotify data=com.android.launcher [state-changed]
2026-10-07 13:48:22 ForegroundChanged gen=8.164 src=fg-inotify data=com.tencent.mobileqq [state-changed]
2026-10-07 13:48:28 ForegroundChanged gen=10.104 src=fg-inotify data=com.android.launcher [state-changed]
2026-10-07 13:48:34 ForegroundChanged gen=11.447 src=fg-inotify data=com.brave.browser [state-changed]
2026-10-07 13:48:40 ForegroundChanged gen=12.504 src=fg-inotify data=com.android.launcher [state-changed]
2026-10-07 13:49:36 ForegroundChanged gen=13.415 src=fg-inotify data=com.tencent.mm [state-changed]
2026-10-07 13:49:38 ForegroundChanged gen=14.568 src=fg-inotify data=com.android.launcher [state-changed]
2026-10-07 13:50:46 ForegroundChanged gen=15.087 src=fg-inotify data=io.github.mangi.eta [state-changed]
2026-10-07 13:53:33 ForegroundChanged gen=18.136 src=fg-inotify data=com.android.launcher [state-changed]
2026-10-07 13:53:34 ForegroundChanged gen=19.497 src=fg-inotify data=com.tencent.mm [state-changed]
2026-10-07 13:53:36 ForegroundChanged gen=20.086 src=fg-inotify data=com.android.launcher [state-changed]
2026-10-07 13:53:43 ForegroundChanged gen=21.032 src=fg-inotify data=com.android.permissioncontroller [state-changed]
2026-10-07 13:53:53 ForegroundChanged gen=22.372 src=fg-inotify data=com.android.launcher [state-changed]
2026-10-07 13:53:56 ForegroundChanged gen=23.337 src=fg-inotify data=io.github.mangi.eta [state-changed]
2026-10-07 13:54:00 ForegroundChanged gen=24.468 src=fg-inotify data=com.android.launcher [state-changed]
2026-10-07 13:54:01 ForegroundChanged gen=25.660 src=fg-inotify data=com.tencent.mm [state-changed]
2026-10-07 13:54:13 ForegroundChanged gen=26.173 src=fg-inotify data=com.android.launcher [state-changed]
2026-10-07 13:54:15 ForegroundChanged gen=27.904 src=fg-inotify data=com.tencent.mm [state-changed]
2026-10-07 13:54:23 ForegroundChanged gen=28.810 src=fg-inotify data=com.android.launcher [state-changed]
2026-10-07 13:54:27 ForegroundChanged gen=29.548 src=fg-inotify data=io.github.mangi.eta [state-changed]
2026-10-07 13:55:33 ForegroundChanged gen=32.411 src=fg-inotify data=com.android.launcher [state-changed]
2026-10-07 13:55:34 ForegroundChanged gen=33.579 src=fg-inotify data=com.tencent.mm [state-changed]
2026-10-07 13:55:35 ForegroundChanged gen=34.652 src=fg-inotify data=com.android.launcher [state-changed]
2026-10-07 13:55:38 ForegroundChanged gen=35.519 src=fg-inotify data=com.ss.android.ugc.aweme [state-changed]
2026-10-07 14:00:20 ForegroundChanged gen=37.847 src=fg-inotify data=com.tencent.mm [state-changed]
2026-10-07 14:00:43 ForegroundChanged gen=38.136 src=fg-inotify data=com.android.launcher [state-changed]
2026-10-07 14:00:44 ForegroundChanged gen=39.476 src=fg-inotify data=com.tencent.mm [state-changed]
2026-10-07 14:01:01 ForegroundChanged gen=40.040 src=fg-inotify data=com.android.launcher [state-changed]
2026-10-07 14:01:01 ForegroundChanged gen=41.999 src=fg-inotify data=com.ss.android.ugc.aweme [state-changed]
2026-10-07 14:01:09 ForegroundChanged gen=42.287 src=fg-inotify data=com.tencent.mm [state-changed]
2026-10-07 14:01:35 ForegroundChanged gen=43.305 src=fg-inotify data=com.android.launcher [state-changed]
2026-10-07 14:01:36 ForegroundChanged gen=44.100 src=fg-inotify data=com.ss.android.ugc.aweme [state-changed]
2026-10-07 14:01:47 ForegroundChanged gen=45.393 src=fg-inotify data=com.android.launcher [state-changed]
2026-10-07 14:01:48 ForegroundChanged gen=46.533 src=fg-inotify data=com.tencent.mm [state-changed]
2026-10-07 14:02:18 ForegroundChanged gen=47.353 src=fg-inotify data=com.android.launcher [state-changed]
2026-10-07 14:02:19 ForegroundChanged gen=48.099 src=fg-inotify data=com.ss.android.ugc.aweme [state-changed]
2026-10-07 14:02:21 ForegroundChanged gen=49.427 src=fg-inotify data=com.android.launcher [state-changed]
2026-10-07 14:02:23 ForegroundChanged gen=50.963 src=fg-inotify data=com.tencent.mm [state-changed]
2026-10-07 14:02:24 ForegroundChanged gen=51.702 src=fg-inotify data=com.android.launcher [state-changed]
2026-10-07 14:02:30 ForegroundChanged gen=52.250 src=fg-inotify data=ai.x.grok [state-changed]
2026-10-07 14:03:34 ForegroundChanged gen=53.939 src=fg-inotify data=com.android.launcher [state-changed]
2026-10-07 14:03:36 ForegroundChanged gen=54.466 src=fg-inotify data=com.ss.android.ugc.aweme [state-changed]
2026-10-07 14:04:51 ForegroundChanged gen=55.111 src=fg-inotify data=com.android.launcher [state-changed]
2026-10-07 14:04:57 ForegroundChanged gen=56.130 src=fg-inotify data=ai.x.grok [state-changed]
2026-10-07 14:06:06 ForegroundChanged gen=57.588 src=fg-inotify data=com.android.launcher [state-changed]
2026-10-07 14:06:09 ForegroundChanged gen=58.714 src=fg-inotify data=io.github.mangi.eta [state-changed]
2026-10-07 14:08:31 ForegroundChanged gen=59.970 src=fg-inotify data=com.android.launcher [state-changed]
2026-10-07 14:08:34 ForegroundChanged gen=60.489 src=fg-inotify data=com.tencent.mm [state-changed]
2026-10-07 14:09:05 ForegroundChanged gen=61.425 src=fg-inotify data=com.android.launcher [state-changed]
2026-10-07 14:09:06 ForegroundChanged gen=62.552 src=fg-inotify data=io.github.mangi.eta [state-changed]
2026-10-07 14:10:10 ForegroundChanged gen=63.864 src=fg-inotify data=com.android.launcher [state-changed]
2026-10-07 14:10:13 ForegroundChanged gen=64.299 src=fg-inotify data=com.ss.android.ugc.aweme [state-changed]
2026-10-07 14:10:14 ForegroundChanged gen=65.820 src=fg-inotify data=com.android.launcher [state-changed]
2026-10-07 14:10:16 ForegroundChanged gen=66.958 src=fg-inotify data=ai.x.grok [state-changed]
2026-10-07 14:11:36 ForegroundChanged gen=67.290 src=fg-inotify data=com.android.launcher [state-changed]
2026-10-07 14:11:38 ForegroundChanged gen=68.040 src=fg-inotify data=io.github.mangi.eta [state-changed]
2026-10-07 14:11:44 ForegroundChanged gen=69.183 src=fg-inotify data=com.android.launcher [state-changed]
2026-10-07 14:11:46 ForegroundChanged gen=70.380 src=fg-inotify data=com.tencent.mm [state-changed]
2026-10-07 14:12:04 ForegroundChanged gen=71.375 src=fg-inotify data=com.android.launcher [state-changed]
2026-10-07 14:12:06 ForegroundChanged gen=72.988 src=fg-inotify data=com.ss.android.ugc.aweme [state-changed]
2026-10-07 14:14:36 ForegroundChanged gen=73.984 src=fg-inotify data=com.android.launcher [state-changed]
2026-10-07 14:14:39 ForegroundChanged gen=74.048 src=fg-inotify data=io.github.mangi.eta [state-changed]
2026-10-07 14:15:03 ForegroundChanged gen=75.873 src=fg-inotify data=com.android.launcher [state-changed]
2026-10-07 14:15:05 ForegroundChanged gen=76.432 src=fg-inotify data=com.tencent.mm [state-changed]
2026-10-07 14:15:08 ForegroundChanged gen=77.678 src=fg-inotify data=com.android.launcher [state-changed]
2026-10-07 14:15:15 ForegroundChanged gen=78.922 src=fg-inotify data=com.coolapk.market [state-changed]
2026-10-07 14:15:18 ForegroundChanged gen=79.558 src=fg-inotify data=com.android.permissioncontroller [state-changed]
2026-10-07 14:15:20 ForegroundChanged gen=80.174 src=fg-inotify data=com.coolapk.market [state-changed]
2026-10-07 14:16:02 ForegroundChanged gen=82.930 src=fg-inotify data=com.android.launcher [state-changed]
2026-10-07 14:16:07 ForegroundChanged gen=83.270 src=fg-inotify data=com.ss.android.ugc.aweme [state-changed]
2026-10-07 14:18:19 ForegroundChanged gen=84.037 src=fg-inotify data=com.android.launcher [state-changed]
2026-10-07 14:18:21 ForegroundChanged gen=85.855 src=fg-inotify data=io.github.mangi.eta [state-changed]
2026-10-07 14:18:52 ForegroundChanged gen=86.268 src=fg-inotify data=com.android.launcher [state-changed]
2026-10-07 14:18:54 ForegroundChanged gen=87.264 src=fg-inotify data=com.tencent.mm [state-changed]
2026-10-07 14:19:13 ForegroundChanged gen=88.890 src=fg-inotify data=com.android.launcher [state-changed]
2026-10-07 14:19:15 ForegroundChanged gen=89.350 src=fg-inotify data=com.tencent.mm [state-changed]
2026-10-07 14:21:05 ForegroundChanged gen=90.914 src=fg-inotify data=com.android.launcher [state-changed]
2026-10-07 14:21:07 ForegroundChanged gen=91.277 src=fg-inotify data=io.github.mangi.eta [state-changed]
2026-10-07 14:21:23 ForegroundChanged gen=92.610 src=fg-inotify data=com.android.launcher [state-changed]
2026-10-07 14:21:31 ForegroundChanged gen=93.904 src=fg-inotify data=io.github.mangi.eta [state-changed]
2026-10-07 14:21:33 ForegroundChanged gen=94.310 src=fg-inotify data=com.android.launcher [state-changed]
2026-10-07 14:21:34 ForegroundChanged gen=95.301 src=fg-inotify data=com.tencent.mm [state-changed]
2026-10-07 14:22:09 ForegroundChanged gen=97.731 src=fg-inotify data=com.android.launcher [state-changed]
2026-10-07 14:22:11 ForegroundChanged gen=98.507 src=fg-inotify data=com.ss.android.ugc.aweme [state-changed]
2026-10-07 14:23:43 ForegroundChanged gen=99.002 src=fg-inotify data=com.android.launcher [state-changed]
2026-10-07 14:23:44 ForegroundChanged gen=100.596 src=fg-inotify data=io.github.mangi.eta [state-changed]
2026-10-07 14:23:59 ForegroundChanged gen=101.953 src=fg-inotify data=com.android.launcher [state-changed]
2026-10-07 14:24:09 ForegroundChanged gen=102.137 src=fg-inotify data=com.tencent.mobileqq [state-changed]
2026-10-07 14:24:11 ForegroundChanged gen=103.269 src=fg-inotify data=com.android.launcher [state-changed]
2026-10-07 14:24:12 ForegroundChanged gen=104.602 src=fg-inotify data=com.ss.android.ugc.aweme [state-changed]
2026-10-07 14:24:20 ForegroundChanged gen=105.628 src=fg-inotify data=com.android.launcher [state-changed]
2026-10-07 14:24:24 ForegroundChanged gen=106.669 src=fg-inotify data=org.telegram.messenger [state-changed]
2026-10-07 14:24:25 ForegroundChanged gen=107.247 src=fg-inotify data=com.android.permissioncontroller [state-changed]
2026-10-07 14:24:25 ForegroundChanged gen=108.776 src=fg-inotify data=org.telegram.messenger [state-changed]
2026-10-07 14:25:03 ForegroundChanged gen=109.195 src=fg-inotify data=com.android.launcher [state-changed]
2026-10-07 14:25:06 ForegroundChanged gen=110.549 src=fg-inotify data=com.ss.android.ugc.aweme [state-changed]
2026-10-07 14:28:21 ForegroundChanged gen=111.759 src=fg-inotify data=com.android.launcher [state-changed]
2026-10-07 14:28:23 ForegroundChanged gen=112.697 src=fg-inotify data=io.github.mangi.eta [state-changed]
2026-10-07 14:54:08 ForegroundChanged gen=113.079 src=fg-inotify data=com.android.launcher [state-changed]
2026-10-07 14:54:10 ForegroundChanged gen=114.808 src=fg-inotify data=com.tencent.mm [state-changed]
2026-10-07 14:54:11 ForegroundChanged gen=115.666 src=fg-inotify data=com.android.launcher [state-changed]
2026-10-07 14:54:18 ForegroundChanged gen=116.787 src=fg-inotify data=com.sankuai.meituan [state-changed]
2026-10-07 14:55:10 ForegroundChanged gen=117.770 src=fg-inotify data=com.android.launcher [state-changed]
2026-10-07 14:55:12 ForegroundChanged gen=118.004 src=fg-inotify data=com.tencent.mm [state-changed]
2026-10-07 14:55:12 ForegroundChanged gen=119.937 src=fg-inotify data=com.android.launcher [state-changed]
2026-10-07 14:55:14 ForegroundChanged gen=120.677 src=fg-inotify data=io.github.mangi.eta [state-changed]
2026-10-07 14:57:53 ForegroundChanged gen=121.305 src=fg-inotify data=com.android.launcher [state-changed]
2026-10-07 14:57:54 ForegroundChanged gen=122.072 src=fg-inotify data=com.tencent.mm [state-changed]
2026-10-07 14:58:04 ForegroundChanged gen=123.726 src=fg-inotify data=com.android.launcher [state-changed]
2026-10-07 14:58:05 ForegroundChanged gen=124.869 src=fg-inotify data=io.github.mangi.eta [state-changed]
2026-10-07 15:48:31 ForegroundChanged gen=143.363 src=fg-inotify data=com.android.launcher [state-changed]
2026-10-07 15:48:32 ForegroundChanged gen=144.401 src=fg-inotify data=com.tencent.mm [state-changed]
2026-10-07 15:48:44 ForegroundChanged gen=145.564 src=fg-inotify data=com.android.launcher [state-changed]
2026-10-07 15:48:45 ForegroundChanged gen=146.706 src=fg-inotify data=io.github.mangi.eta [state-changed]
2026-10-07 16:14:38 ForegroundChanged gen=147.535 src=fg-inotify data=com.android.launcher [state-changed]
2026-10-07 16:14:46 ForegroundChanged gen=148.806 src=fg-inotify data=com.coolapk.market [state-changed]
2026-10-07 16:15:42 ForegroundChanged gen=149.641 src=fg-inotify data=com.android.launcher [state-changed]
2026-10-07 16:15:43 ForegroundChanged gen=150.962 src=fg-inotify data=io.github.mangi.eta [state-changed]
