2026-10-07 13:46:17 focus-poll START
2026-10-07 13:46:17 focus=io.github.mangi.eta/io.github.mangi.eta.ui.MainActivity
2026-10-07 13:46:36 focus=com.android.launcher/com.android.launcher.Launcher
2026-10-07 13:47:37 focus=io.github.mangi.eta/io.github.mangi.eta.ui.MainActivity
2026-10-07 13:48:03 focus=com.android.launcher/com.android.launcher.Launcher
2026-10-07 13:48:09 focus=com.tencent.mm/com.tencent.mm.ui.LauncherUI
2026-10-07 13:48:15 focus=com.android.launcher/com.android.launcher.Launcher
2026-10-07 13:48:21 focus=com.tencent.mobileqq/com.tencent.mobileqq.activity.SplashActivity
2026-10-07 13:48:28 focus=com.android.launcher/com.android.launcher.Launcher
2026-10-07 13:48:34 focus=com.brave.browser/com.google.android.apps.chrome.Main
2026-10-07 13:48:40 focus=com.android.launcher/com.android.launcher.Launcher
2026-10-07 13:49:26 focus=NotificationShade
2026-10-07 13:49:31 focus=com.android.launcher/com.android.launcher.Launcher
2026-10-07 13:49:36 focus=com.tencent.mm/com.tencent.mm.ui.LauncherUI
2026-10-07 13:49:38 focus=com.android.launcher/com.android.launcher.Launcher
2026-10-07 13:50:46 focus=io.github.mangi.eta/io.github.mangi.eta.ui.MainActivity
2026-10-07 13:52:29 focus=com.oplus.screenshot/LongshotCapture
2026-10-07 13:52:34 focus=io.github.mangi.eta/io.github.mangi.eta.ui.MainActivity
2026-10-07 13:53:33 focus=com.android.launcher/com.android.launcher.Launcher
2026-10-07 13:53:34 focus=com.tencent.mm/com.tencent.mm.ui.LauncherUI
2026-10-07 13:53:35 focus=com.android.launcher/com.android.launcher.Launcher
2026-10-07 13:53:43 focus=com.android.permissioncontroller/com.oplusos.permissioncontroller.role.ui.DefaultAppListActivity
2026-10-07 13:53:53 focus=com.android.launcher/com.android.launcher.Launcher
2026-10-07 13:53:56 focus=io.github.mangi.eta/io.github.mangi.eta.ui.MainActivity
2026-10-07 13:54:00 focus=com.android.launcher/com.android.launcher.Launcher
2026-10-07 13:54:01 focus=com.tencent.mm/com.tencent.mm.ui.LauncherUI
2026-10-07 13:54:08 focus=com.tencent.mm/com.tencent.mm.plugin.appbrand.ui.AppBrandUI00
2026-10-07 13:54:13 focus=com.android.launcher/com.android.launcher.Launcher
2026-10-07 13:54:15 focus=com.tencent.mm/com.tencent.mm.ui.LauncherUI
2026-10-07 13:54:24 focus=com.android.launcher/com.android.launcher.Launcher
2026-10-07 13:54:27 focus=io.github.mangi.eta/io.github.mangi.eta.ui.MainActivity
2026-10-07 13:55:33 focus=com.android.launcher/com.android.launcher.Launcher
2026-10-07 13:55:34 focus=com.tencent.mm/com.tencent.mm.ui.LauncherUI
2026-10-07 13:55:36 focus=com.android.launcher/com.android.launcher.Launcher
2026-10-07 13:55:38 focus=com.ss.android.ugc.aweme/com.ss.android.ugc.aweme.splash.SplashActivity
2026-10-07 13:59:43 focus=com.ss.android.ugc.aweme/com.ss.android.ugc.aweme.live.LivePlayActivity
2026-10-07 14:00:11 focus=com.ss.android.ugc.aweme/com.ss.android.ugc.aweme.splash.SplashActivity
2026-10-07 14:00:21 focus=com.tencent.mm/com.tencent.mm.ui.chatting.variants.ChattingMainUI
2026-10-07 14:00:42 focus=com.tencent.mm/com.tencent.mm.ui.LauncherUI
2026-10-07 14:00:43 focus=com.android.launcher/com.android.launcher.Launcher
2026-10-07 14:00:44 focus=com.tencent.mm/com.tencent.mm.ui.LauncherUI
2026-10-07 14:01:01 focus=com.android.launcher/com.android.launcher.Launcher
2026-10-07 14:01:02 focus=com.ss.android.ugc.aweme/com.ss.android.ugc.aweme.splash.SplashActivity
2026-10-07 14:01:09 focus=com.tencent.mm/com.tencent.mm.ui.chatting.variants.ChattingMainUI
2026-10-07 14:01:34 focus=com.tencent.mm/com.tencent.mm.ui.LauncherUI
2026-10-07 14:01:35 focus=com.android.launcher/com.android.launcher.Launcher
2026-10-07 14:01:36 focus=com.ss.android.ugc.aweme/com.ss.android.ugc.aweme.splash.SplashActivity
2026-10-07 14:01:47 focus=com.android.launcher/com.android.launcher.Launcher
2026-10-07 14:01:48 focus=com.tencent.mm/com.tencent.mm.ui.LauncherUI
2026-10-07 14:02:19 focus=  mCurrentFocus=null
2026-10-07 14:02:20 focus=com.ss.android.ugc.aweme/com.ss.android.ugc.aweme.splash.SplashActivity
2026-10-07 14:02:21 focus=com.android.launcher/com.android.launcher.Launcher
2026-10-07 14:02:24 focus=com.tencent.mm/com.tencent.mm.ui.LauncherUI
2026-10-07 14:02:25 focus=com.android.launcher/com.android.launcher.Launcher
2026-10-07 14:02:30 focus=ai.x.grok/ai.x.grok.main.GrokActivity
2026-10-07 14:03:35 focus=com.android.launcher/com.android.launcher.Launcher
2026-10-07 14:03:36 focus=com.ss.android.ugc.aweme/com.ss.android.ugc.aweme.splash.SplashActivity
2026-10-07 14:04:51 focus=com.android.launcher/com.android.launcher.Launcher
2026-10-07 14:04:53 focus=NotificationShade
2026-10-07 14:04:54 focus=com.android.launcher/com.android.launcher.Launcher
2026-10-07 14:04:57 focus=ai.x.grok/ai.x.grok.main.GrokActivity
2026-10-07 14:06:07 focus=com.android.launcher/com.android.launcher.Launcher
2026-10-07 14:06:09 focus=io.github.mangi.eta/io.github.mangi.eta.ui.MainActivity
2026-10-07 14:08:31 focus=com.android.launcher/com.android.launcher.Launcher
2026-10-07 14:08:34 focus=com.tencent.mm/com.tencent.mm.ui.LauncherUI
2026-10-07 14:08:35 focus=  mCurrentFocus=null
2026-10-07 14:08:37 focus=com.tencent.mm/com.tencent.mm.plugin.webview.ui.tools.fts.MMFTSSOSHomeWebViewUI
2026-10-07 14:08:39 focus=com.tencent.mm/com.tencent.mm.plugin.webview.ui.tools.fts.MMSosWebViewUI
2026-10-07 14:08:51 focus=com.tencent.mm/com.tencent.mm.plugin.lite.ui.WxaLiteAppTransparentLiteUI
2026-10-07 14:08:59 focus=com.tencent.mm/com.tencent.mm.plugin.webview.ui.tools.fts.MMSosWebViewUI
2026-10-07 14:09:01 focus=com.tencent.mm/com.tencent.mm.plugin.webview.ui.tools.fts.MMFTSSOSHomeWebViewUI
2026-10-07 14:09:02 focus=com.tencent.mm/com.tencent.mm.ui.LauncherUI
2026-10-07 14:09:05 focus=com.android.launcher/com.android.launcher.Launcher
2026-10-07 14:09:06 focus=io.github.mangi.eta/io.github.mangi.eta.ui.MainActivity
2026-10-07 14:10:10 focus=com.android.launcher/com.android.launcher.Launcher
2026-10-07 14:10:13 focus=  mCurrentFocus=null
2026-10-07 14:10:14 focus=com.ss.android.ugc.aweme/com.ss.android.ugc.aweme.splash.SplashActivity
2026-10-07 14:10:15 focus=com.android.launcher/com.android.launcher.Launcher
2026-10-07 14:10:17 focus=ai.x.grok/ai.x.grok.main.GrokActivity
2026-10-07 14:11:36 focus=com.android.launcher/com.android.launcher.Launcher
2026-10-07 14:11:38 focus=io.github.mangi.eta/io.github.mangi.eta.ui.MainActivity
2026-10-07 14:11:44 focus=com.android.launcher/com.android.launcher.Launcher
2026-10-07 14:11:46 focus=com.tencent.mm/com.tencent.mm.ui.LauncherUI
2026-10-07 14:12:04 focus=com.android.launcher/com.android.launcher.Launcher
2026-10-07 14:12:06 focus=com.ss.android.ugc.aweme/com.ss.android.ugc.aweme.splash.SplashActivity
2026-10-07 14:14:36 focus=com.android.launcher/com.android.launcher.Launcher
2026-10-07 14:14:39 focus=io.github.mangi.eta/io.github.mangi.eta.ui.MainActivity
2026-10-07 14:15:03 focus=com.android.launcher/com.android.launcher.Launcher
2026-10-07 14:15:05 focus=com.tencent.mm/com.tencent.mm.ui.LauncherUI
2026-10-07 14:15:09 focus=com.android.launcher/com.android.launcher.Launcher
2026-10-07 14:15:10 focus=NotificationShade
2026-10-07 14:15:12 focus=com.android.launcher/com.android.launcher.Launcher
2026-10-07 14:15:15 focus=  mCurrentFocus=null
2026-10-07 14:15:17 focus=com.coolapk.market/com.coolapk.market.view.main.MainActivity
2026-10-07 14:15:19 focus=  mCurrentFocus=null
2026-10-07 14:15:20 focus=com.coolapk.market/com.coolapk.market.view.main.MainActivity
2026-10-07 14:15:24 focus=com.coolapk.market/com.coolapk.market.view.userv9.UserSpaceV9Activity
2026-10-07 14:15:34 focus=com.coolapk.market/com.coolapk.market.view.feed.FeedDetailActivityV8
2026-10-07 14:15:38 focus=com.coolapk.market/com.coolapk.market.view.photo.PhotoViewActivity
2026-10-07 14:15:40 focus=com.coolapk.market/com.coolapk.market.view.feed.FeedDetailActivityV8
2026-10-07 14:15:52 focus=com.coolapk.market/com.coolapk.market.view.userv9.UserSpaceV9Activity
2026-10-07 14:15:59 focus=com.coolapk.market/com.coolapk.market.view.main.MainActivity
2026-10-07 14:16:03 focus=com.android.launcher/com.android.launcher.Launcher
2026-10-07 14:16:07 focus=com.ss.android.ugc.aweme/com.ss.android.ugc.aweme.splash.SplashActivity
2026-10-07 14:16:36 focus=com.ss.android.ugc.aweme/com.ss.android.ugc.aweme.detail.ui.DetailActivity
2026-10-07 14:16:37 focus=com.ss.android.ugc.aweme/com.ss.android.ugc.aweme.splash.SplashActivity
2026-10-07 14:18:18 focus=com.android.launcher/com.android.launcher.Launcher
2026-10-07 14:18:22 focus=io.github.mangi.eta/io.github.mangi.eta.ui.MainActivity
2026-10-07 14:18:52 focus=com.android.launcher/com.android.launcher.Launcher
2026-10-07 14:18:53 focus=  mCurrentFocus=null
2026-10-07 14:18:54 focus=com.tencent.mm/com.tencent.mm.ui.LauncherUI
2026-10-07 14:19:13 focus=com.android.launcher/com.android.launcher.Launcher
2026-10-07 14:19:15 focus=com.tencent.mm/com.tencent.mm.ui.LauncherUI
2026-10-07 14:19:16 focus=com.tencent.mm/com.tencent.mm.plugin.game.ui.LiteAppGameTabUI
2026-10-07 14:19:50 focus=com.tencent.mm/com.tencent.mm.ui.LauncherUI
2026-10-07 14:19:56 focus=PopupWindow:a6547d9
2026-10-07 14:20:06 focus=com.tencent.mm/com.tencent.mm.ui.LauncherUI
2026-10-07 14:20:25 focus=com.tencent.mm/com.tencent.mm.plugin.brandservice.ui.flutter.BizFlutterTLFlutterViewActivity
2026-10-07 14:20:41 focus=com.tencent.mm/com.tencent.mm.plugin.brandservice.ui.timeline.preload.ui.TmplWebViewMMUI
2026-10-07 14:21:03 focus=com.tencent.mm/com.tencent.mm.plugin.brandservice.ui.flutter.BizFlutterTLFlutterViewActivity
2026-10-07 14:21:04 focus=com.tencent.mm/com.tencent.mm.ui.LauncherUI
2026-10-07 14:21:05 focus=com.android.launcher/com.android.launcher.Launcher
2026-10-07 14:21:07 focus=io.github.mangi.eta/io.github.mangi.eta.ui.MainActivity
2026-10-07 14:21:23 focus=com.android.launcher/com.android.launcher.Launcher
2026-10-07 14:21:24 focus=NotificationShade
2026-10-07 14:21:27 focus=com.android.launcher/com.android.launcher.Launcher
2026-10-07 14:21:32 focus=io.github.mangi.eta/io.github.mangi.eta.ui.MainActivity
2026-10-07 14:21:33 focus=com.android.launcher/com.android.launcher.Launcher
2026-10-07 14:21:34 focus=com.tencent.mm/com.tencent.mm.ui.LauncherUI
2026-10-07 14:22:09 focus=com.android.launcher/com.android.launcher.Launcher
2026-10-07 14:22:11 focus=  mCurrentFocus=null
2026-10-07 14:22:12 focus=com.ss.android.ugc.aweme/com.ss.android.ugc.aweme.splash.SplashActivity
2026-10-07 14:22:57 focus=com.ss.android.ugc.aweme/com.ss.android.ugc.aweme.live.LivePlayActivity
2026-10-07 14:23:08 focus=com.ss.android.ugc.aweme/com.ss.android.ugc.aweme.splash.SplashActivity
2026-10-07 14:23:42 focus=com.android.launcher/com.android.launcher.Launcher
2026-10-07 14:23:44 focus=io.github.mangi.eta/io.github.mangi.eta.ui.MainActivity
2026-10-07 14:24:00 focus=com.android.launcher/com.android.launcher.Launcher
2026-10-07 14:24:08 focus=  mCurrentFocus=null
2026-10-07 14:24:09 focus=com.tencent.mobileqq/com.tencent.mobileqq.activity.SplashActivity
2026-10-07 14:24:10 focus=com.android.launcher/com.android.launcher.Launcher
2026-10-07 14:24:13 focus=com.ss.android.ugc.aweme/com.ss.android.ugc.aweme.splash.SplashActivity
2026-10-07 14:24:21 focus=com.android.launcher/com.android.launcher.Launcher
2026-10-07 14:24:24 focus=  mCurrentFocus=null
2026-10-07 14:24:25 focus=org.telegram.messenger/org.telegram.messenger.DefaultIcon
2026-10-07 14:25:03 focus=com.android.launcher/com.android.launcher.Launcher
2026-10-07 14:25:07 focus=com.ss.android.ugc.aweme/com.ss.android.ugc.aweme.splash.SplashActivity
2026-10-07 14:28:22 focus=com.android.launcher/com.android.launcher.Launcher
2026-10-07 14:28:23 focus=io.github.mangi.eta/io.github.mangi.eta.ui.MainActivity
2026-10-07 14:54:08 focus=com.android.launcher/com.android.launcher.Launcher
2026-10-07 14:54:10 focus=  mCurrentFocus=null
2026-10-07 14:54:11 focus=com.android.launcher/com.android.launcher.Launcher
2026-10-07 14:54:12 focus=NotificationShade
2026-10-07 14:54:15 focus=com.android.launcher/com.android.launcher.Launcher
2026-10-07 14:54:19 focus=com.sankuai.meituan/com.meituan.android.pt.homepage.activity.MainActivity
2026-10-07 14:54:21 focus=com.sankuai.meituan/com.meituan.retail.c.android.router.RouterActivity
2026-10-07 14:54:22 focus=com.sankuai.meituan/com.meituan.retail.c.android.msc.MallMSCActivity
2026-10-07 14:54:55 focus=com.sankuai.meituan/com.meituan.android.cashier.activity.MTCashierActivity
2026-10-07 14:54:56 focus=com.sankuai.meituan/com.meituan.android.hybridcashier.HybridCashierActivity
2026-10-07 14:55:03 focus=com.sankuai.meituan/com.meituan.retail.c.android.msc.MallMSCActivity
2026-10-07 14:55:10 focus=com.android.launcher/com.android.launcher.Launcher
2026-10-07 14:55:11 focus=com.tencent.mm/com.tencent.mm.ui.LauncherUI
2026-10-07 14:55:13 focus=com.android.launcher/com.android.launcher.Launcher
2026-10-07 14:55:15 focus=io.github.mangi.eta/io.github.mangi.eta.ui.MainActivity
2026-10-07 14:55:41 focus=NotificationShade
2026-10-07 14:56:20 focus=io.github.mangi.eta/io.github.mangi.eta.ui.MainActivity
2026-10-07 14:57:53 focus=com.android.launcher/com.android.launcher.Launcher
2026-10-07 14:57:54 focus=com.tencent.mm/com.tencent.mm.ui.LauncherUI
2026-10-07 14:57:55 focus=com.tencent.mm/com.tencent.mm.plugin.fts.ui.FTSMainUI
2026-10-07 14:57:56 focus=com.tencent.mm/com.tencent.mm.plugin.webview.ui.tools.fts.MMFTSSOSHomeWebViewUI
2026-10-07 14:57:58 focus=  mCurrentFocus=null
2026-10-07 14:57:59 focus=com.tencent.mm/com.tencent.mm.plugin.webview.ui.tools.fts.MMSosWebViewUI
2026-10-07 14:58:01 focus=com.tencent.mm/com.tencent.mm.plugin.webview.ui.tools.fts.MMFTSSOSHomeWebViewUI
2026-10-07 14:58:02 focus=com.tencent.mm/com.tencent.mm.plugin.fts.ui.FTSMainUI
2026-10-07 14:58:03 focus=com.tencent.mm/com.tencent.mm.ui.LauncherUI
2026-10-07 14:58:04 focus=com.android.launcher/com.android.launcher.Launcher
2026-10-07 14:58:05 focus=io.github.mangi.eta/io.github.mangi.eta.ui.MainActivity
2026-10-07 15:48:32 focus=com.tencent.mm/com.tencent.mm.ui.LauncherUI
2026-10-07 15:48:33 focus=com.tencent.mm/com.tencent.mm.plugin.fts.ui.FTSMainUI
2026-10-07 15:48:34 focus=com.tencent.mm/com.tencent.mm.plugin.webview.ui.tools.fts.MMFTSSOSHomeWebViewUI
2026-10-07 15:48:36 focus=com.tencent.mm/com.tencent.mm.plugin.webview.ui.tools.fts.MMSosWebViewUI
2026-10-07 15:48:41 focus=com.tencent.mm/com.tencent.mm.plugin.webview.ui.tools.fts.MMFTSSOSHomeWebViewUI
2026-10-07 15:48:42 focus=com.tencent.mm/com.tencent.mm.ui.LauncherUI
2026-10-07 15:48:44 focus=com.android.launcher/com.android.launcher.Launcher
2026-10-07 15:48:45 focus=io.github.mangi.eta/io.github.mangi.eta.ui.MainActivity
2026-10-07 16:14:38 focus=com.android.launcher/com.android.launcher.Launcher
2026-10-07 16:14:39 focus=NotificationShade
2026-10-07 16:14:44 focus=com.android.launcher/com.android.launcher.Launcher
2026-10-07 16:14:47 focus=com.coolapk.market/com.coolapk.market.view.main.MainActivity
2026-10-07 16:14:48 focus=com.coolapk.market/com.coolapk.market.view.userv9.UserSpaceV9Activity
2026-10-07 16:14:52 focus=com.coolapk.market/com.coolapk.market.view.feed.FeedDetailActivityV8
2026-10-07 16:15:42 focus=com.android.launcher/com.android.launcher.Launcher
2026-10-07 16:15:43 focus=io.github.mangi.eta/io.github.mangi.eta.ui.MainActivity
2026-10-07 16:15:56 focus=Pop-Up Window
2026-10-07 16:15:58 focus=io.github.mangi.eta/io.github.mangi.eta.ui.MainActivity
