         1791351762.719  3593  4405 I UserAwareMgr: handleTopAppChanged: com.android.launcher, pid: 5715, uid: 10229
         1791351832.929  3593  4405 I UserAwareMgr: handleTopAppChanged: io.github.mangi.eta, pid: 11436, uid: 10368
         1791351869.977  3593  4405 I UserAwareMgr: handleTopAppChanged: com.android.launcher, pid: 5715, uid: 10229
         1791351872.081  3593  4405 I UserAwareMgr: handleTopAppChanged: com.tencent.mm, pid: 17198, uid: 10460
         1791351875.128  3593  4405 I UserAwareMgr: handleTopAppChanged: com.android.launcher, pid: 5715, uid: 10229
         1791351913.291  3593  4405 I UserAwareMgr: handleTopAppChanged: io.github.mangi.eta, pid: 11436, uid: 10368
         1791351915.538  3593  4405 I UserAwareMgr: handleTopAppChanged: com.android.launcher, pid: 5715, uid: 10229
         1791351933.588  3593  4405 I UserAwareMgr: handleTopAppChanged: io.github.mangi.eta, pid: 11436, uid: 10368
         1791351996.000  3593  4405 I UserAwareMgr: handleTopAppChanged: com.android.launcher, pid: 5715, uid: 10229
         1791352057.255  3593  4405 I UserAwareMgr: handleTopAppChanged: io.github.mangi.eta, pid: 11436, uid: 10368
         1791352083.028  3593  4405 I UserAwareMgr: handleTopAppChanged: com.android.launcher, pid: 5715, uid: 10229
         1791352089.094  3593  4405 I UserAwareMgr: handleTopAppChanged: com.tencent.mm, pid: 17198, uid: 10460
         1791352095.157  3593  4405 I UserAwareMgr: handleTopAppChanged: com.android.launcher, pid: 5715, uid: 10229
         1791352101.641  3593  4405 I UserAwareMgr: handleTopAppChanged: com.tencent.mobileqq, pid: 18852, uid: 10451
         1791352107.756  3593  4405 I UserAwareMgr: handleTopAppChanged: com.android.launcher, pid: 5715, uid: 10229
         1791352113.947  3593  4405 I UserAwareMgr: handleTopAppChanged: com.brave.browser, pid: 15774, uid: 10338
         1791352120.011  3593  4405 I UserAwareMgr: handleTopAppChanged: com.android.launcher, pid: 5715, uid: 10229
         1791352138.174  3593  4405 I UserAwareMgr: handleTopAppChanged: com.android.packageinstaller, pid: 17228, uid: 10231
         1791352138.218  3593  4405 I UserAwareMgr: handleTopAppChanged: com.android.launcher, pid: 5715, uid: 10229
         1791352165.940  3593  4405 I UserAwareMgr: handleTopAppChanged: com.android.systemui, pid: 5400, uid: 10236
         1791352174.467  3593  4405 I UserAwareMgr: handleTopAppChanged: com.android.launcher, pid: 5715, uid: 10229
         1791352176.014  3593  4405 I UserAwareMgr: handleTopAppChanged: com.tencent.mm, pid: 17198, uid: 10460
         1791352178.119  3593  4405 I UserAwareMgr: handleTopAppChanged: com.android.launcher, pid: 5715, uid: 10229
         1791352245.628  3593  4405 I UserAwareMgr: handleTopAppChanged: io.github.mangi.eta, pid: 11436, uid: 10368
         1791352412.658  3593  4405 I UserAwareMgr: handleTopAppChanged: com.android.launcher, pid: 5715, uid: 10229
         1791352414.126  3593  4405 I UserAwareMgr: handleTopAppChanged: com.tencent.mm, pid: 17198, uid: 10460
         1791352415.521  3593  4405 I UserAwareMgr: handleTopAppChanged: com.android.launcher, pid: 5715, uid: 10229
         1791352432.926  3593  4405 I UserAwareMgr: handleTopAppChanged: com.android.launcher, pid: 5715, uid: 10229
         1791352435.767  3593  4405 I UserAwareMgr: handleTopAppChanged: io.github.mangi.eta, pid: 11436, uid: 10368
         1791352439.995  3593  4405 I UserAwareMgr: handleTopAppChanged: com.android.launcher, pid: 5715, uid: 10229
         1791352441.237  3593  4405 I UserAwareMgr: handleTopAppChanged: com.tencent.mm, pid: 17198, uid: 10460
         1791352447.311  3593  4405 I UserAwareMgr: handleTopAppChanged: com.tencent.mm, pid: 1989, uid: 10460
         1791352452.820  3593  4405 I UserAwareMgr: handleTopAppChanged: com.android.launcher, pid: 5715, uid: 10229
         1791352455.408  3593  4405 I UserAwareMgr: handleTopAppChanged: com.tencent.mm, pid: 17198, uid: 10460
         1791352463.273  3593  4405 I UserAwareMgr: handleTopAppChanged: com.android.launcher, pid: 5715, uid: 10229
         1791352467.130  3593  4405 I UserAwareMgr: handleTopAppChanged: io.github.mangi.eta, pid: 11436, uid: 10368
         1791352533.053  3593  4405 I UserAwareMgr: handleTopAppChanged: com.android.launcher, pid: 5715, uid: 10229
         1791352534.077  3593  4405 I UserAwareMgr: handleTopAppChanged: com.tencent.mm, pid: 17198, uid: 10460
         1791352535.577  3593  4405 I UserAwareMgr: handleTopAppChanged: com.android.launcher, pid: 5715, uid: 10229
         1791352537.837  3593  4405 I UserAwareMgr: handleTopAppChanged: com.ss.android.ugc.aweme, pid: 19821, uid: 10459
         1791352813.378  3593  4405 I UserAwareMgr: handleTopAppChanged: com.android.systemui, pid: 5400, uid: 10236
         1791352816.904  3593  4405 I UserAwareMgr: handleTopAppChanged: com.android.systemui, pid: 5400, uid: 10236
         1791352817.507  3593  4405 I UserAwareMgr: handleTopAppChanged: com.ss.android.ugc.aweme, pid: 19821, uid: 10459
         1791352820.321  3593  4405 I UserAwareMgr: handleTopAppChanged: com.android.systemui, pid: 5400, uid: 10236
         1791352820.366  3593  4405 I UserAwareMgr: handleTopAppChanged: com.tencent.mm, pid: 17198, uid: 10460
         1791352842.744  3593  4405 I UserAwareMgr: handleTopAppChanged: com.android.launcher, pid: 5715, uid: 10229
         1791352844.043  3593  4405 I UserAwareMgr: handleTopAppChanged: com.tencent.mm, pid: 17198, uid: 10460
         1791352860.592  3593  4405 I UserAwareMgr: handleTopAppChanged: com.android.launcher, pid: 5715, uid: 10229
         1791352861.508  3593  4405 I UserAwareMgr: handleTopAppChanged: com.ss.android.ugc.aweme, pid: 19821, uid: 10459
         1791352865.007  3593  4405 I UserAwareMgr: handleTopAppChanged: com.android.systemui, pid: 5400, uid: 10236
         1791352868.677  3593  4405 I UserAwareMgr: handleTopAppChanged: com.android.systemui, pid: 5400, uid: 10236
         1791352868.727  3593  4405 I UserAwareMgr: handleTopAppChanged: com.tencent.mm, pid: 17198, uid: 10460
         1791352894.797  3593  4405 I UserAwareMgr: handleTopAppChanged: com.android.launcher, pid: 5715, uid: 10229
         1791352895.705  3593  4405 I UserAwareMgr: handleTopAppChanged: com.ss.android.ugc.aweme, pid: 19821, uid: 10459
         1791352897.880  3593  4405 I UserAwareMgr: handleTopAppChanged: com.android.systemui, pid: 5400, uid: 10236
         1791352907.021  3593  4405 I UserAwareMgr: handleTopAppChanged: com.android.launcher, pid: 5715, uid: 10229
         1791352908.000  3593  4405 I UserAwareMgr: handleTopAppChanged: com.tencent.mm, pid: 17198, uid: 10460
         1791352937.868  3593  4405 I UserAwareMgr: handleTopAppChanged: com.android.launcher, pid: 5715, uid: 10229
         1791352938.647  3593  4405 I UserAwareMgr: handleTopAppChanged: com.ss.android.ugc.aweme, pid: 19821, uid: 10459
         1791352940.966  3593  4405 I UserAwareMgr: handleTopAppChanged: com.android.launcher, pid: 5715, uid: 10229
         1791352943.461  3593  4405 I UserAwareMgr: handleTopAppChanged: com.tencent.mm, pid: 17198, uid: 10460
         1791352944.329  3593  4405 I UserAwareMgr: handleTopAppChanged: com.android.launcher, pid: 5715, uid: 10229
         1791352949.821  3593  4405 I UserAwareMgr: handleTopAppChanged: ai.x.grok, pid: 5021, uid: 10375
         1791353014.429  3593  4405 I UserAwareMgr: handleTopAppChanged: com.android.launcher, pid: 5715, uid: 10229
         1791353015.994  3593  4405 I UserAwareMgr: handleTopAppChanged: com.ss.android.ugc.aweme, pid: 19821, uid: 10459
         1791353090.604  3593  4405 I UserAwareMgr: handleTopAppChanged: com.android.launcher, pid: 5715, uid: 10229
         1791353092.268  3593  4405 I UserAwareMgr: handleTopAppChanged: com.android.systemui, pid: 5400, uid: 10236
         1791353096.688  3593  4405 I UserAwareMgr: handleTopAppChanged: ai.x.grok, pid: 5021, uid: 10375
         1791353166.158  3593  4405 I UserAwareMgr: handleTopAppChanged: com.android.launcher, pid: 5715, uid: 10229
         1791353169.219  3593  4405 I UserAwareMgr: handleTopAppChanged: io.github.mangi.eta, pid: 11436, uid: 10368
         1791353311.480  3593  4405 I UserAwareMgr: handleTopAppChanged: com.android.launcher, pid: 5715, uid: 10229
         1791353313.766  3593  4405 I UserAwareMgr: handleTopAppChanged: com.tencent.mm, pid: 17198, uid: 10460
         1791353345.070  3593  4405 I UserAwareMgr: handleTopAppChanged: com.android.launcher, pid: 5715, uid: 10229
         1791353346.134  3593  4405 I UserAwareMgr: handleTopAppChanged: io.github.mangi.eta, pid: 11436, uid: 10368
         1791353410.478  3593  4405 I UserAwareMgr: handleTopAppChanged: com.android.launcher, pid: 5715, uid: 10229
         1791353412.800  3593  4405 I UserAwareMgr: handleTopAppChanged: com.ss.android.ugc.aweme, pid: 19821, uid: 10459
         1791353414.382  3593  4405 I UserAwareMgr: handleTopAppChanged: com.android.launcher, pid: 5715, uid: 10229
         1791353416.482  3593  4405 I UserAwareMgr: handleTopAppChanged: ai.x.grok, pid: 5021, uid: 10375
         1791353495.755  3593  4405 I UserAwareMgr: handleTopAppChanged: com.android.launcher, pid: 5715, uid: 10229
         1791353497.489  3593  4405 I UserAwareMgr: handleTopAppChanged: io.github.mangi.eta, pid: 11436, uid: 10368
         1791353503.788  3593  4405 I UserAwareMgr: handleTopAppChanged: com.android.launcher, pid: 5715, uid: 10229
         1791353505.922  3593  4405 I UserAwareMgr: handleTopAppChanged: com.tencent.mm, pid: 17198, uid: 10460
         1791353524.003  3593  4405 I UserAwareMgr: handleTopAppChanged: com.android.launcher, pid: 5715, uid: 10229
         1791353526.479  3593  4405 I UserAwareMgr: handleTopAppChanged: com.ss.android.ugc.aweme, pid: 19821, uid: 10459
         1791353676.509  3593  4405 I UserAwareMgr: handleTopAppChanged: com.android.launcher, pid: 5715, uid: 10229
         1791353678.445  3593  4405 I UserAwareMgr: handleTopAppChanged: io.github.mangi.eta, pid: 11436, uid: 10368
         1791353703.377  3593  4405 I UserAwareMgr: handleTopAppChanged: com.android.launcher, pid: 5715, uid: 10229
         1791353704.924  3593  4405 I UserAwareMgr: handleTopAppChanged: com.tencent.mm, pid: 17198, uid: 10460
         1791353708.222  3593  4405 I UserAwareMgr: handleTopAppChanged: com.android.launcher, pid: 5715, uid: 10229
         1791353709.524  3593  4405 I UserAwareMgr: handleTopAppChanged: com.android.systemui, pid: 5400, uid: 10236
         1791353715.548  3593  4405 I UserAwareMgr: handleTopAppChanged: com.coolapk.market, pid: 24842, uid: 10450
         1791353719.669  3593  4405 I UserAwareMgr: handleTopAppChanged: com.coolapk.market, pid: 24842, uid: 10450
         1791353762.525  3593  4405 I UserAwareMgr: handleTopAppChanged: com.android.launcher, pid: 5715, uid: 10229
         1791353766.872  3593  4405 I UserAwareMgr: handleTopAppChanged: com.ss.android.ugc.aweme, pid: 19821, uid: 10459
         1791353898.388  3593  4405 I UserAwareMgr: handleTopAppChanged: com.android.launcher, pid: 5715, uid: 10229
         1791353901.241  3593  4405 I UserAwareMgr: handleTopAppChanged: io.github.mangi.eta, pid: 11436, uid: 10368
         1791353931.781  3593  4405 I UserAwareMgr: handleTopAppChanged: com.android.launcher, pid: 5715, uid: 10229
         1791353933.700  3593  4405 I UserAwareMgr: handleTopAppChanged: com.tencent.mm, pid: 17198, uid: 10460
         1791353953.507  3593  4405 I UserAwareMgr: handleTopAppChanged: com.android.launcher, pid: 5715, uid: 10229
         1791353954.885  3593  4405 I UserAwareMgr: handleTopAppChanged: com.tencent.mm, pid: 17198, uid: 10460
         1791353956.928  3593  4405 I UserAwareMgr: handleTopAppChanged: com.android.systemui, pid: 5400, uid: 10236
         1791353958.755  3593  4405 I UserAwareMgr: handleTopAppChanged: com.android.systemui, pid: 5400, uid: 10236
         1791353964.556  3593  4405 I UserAwareMgr: handleTopAppChanged: com.tencent.mm, pid: 17198, uid: 10460
         1791353969.323  3593  4405 I UserAwareMgr: handleTopAppChanged: com.android.systemui, pid: 5400, uid: 10236
         1791353978.634  3593  4405 I UserAwareMgr: handleTopAppChanged: com.tencent.mm, pid: 17198, uid: 10460
         1791354009.327  3593  4405 I UserAwareMgr: handleTopAppChanged: com.android.systemui, pid: 5400, uid: 10236
         1791354015.094  3593  4405 I UserAwareMgr: handleTopAppChanged: com.tencent.mm, pid: 17198, uid: 10460
         1791354065.558  3593  4405 I UserAwareMgr: handleTopAppChanged: com.android.launcher, pid: 5715, uid: 10229
         1791354066.789  3593  4405 I UserAwareMgr: handleTopAppChanged: io.github.mangi.eta, pid: 11436, uid: 10368
         1791354083.143  3593  4405 I UserAwareMgr: handleTopAppChanged: com.android.launcher, pid: 5715, uid: 10229
         1791354084.267  3593  4405 I UserAwareMgr: handleTopAppChanged: com.android.systemui, pid: 5400, uid: 10236
         1791354090.853  3593  4405 I UserAwareMgr: handleTopAppChanged: com.android.launcher, pid: 5715, uid: 10229
         1791354091.465  3593  4405 I UserAwareMgr: handleTopAppChanged: io.github.mangi.eta, pid: 11436, uid: 10368
         1791354092.761  3593  4405 I UserAwareMgr: handleTopAppChanged: com.android.launcher, pid: 5715, uid: 10229
         1791354093.817  3593  4405 I UserAwareMgr: handleTopAppChanged: com.tencent.mm, pid: 17198, uid: 10460
         1791354129.239  3593  4405 I UserAwareMgr: handleTopAppChanged: com.android.launcher, pid: 5715, uid: 10229
         1791354130.914  3593  4405 I UserAwareMgr: handleTopAppChanged: com.ss.android.ugc.aweme, pid: 19821, uid: 10459
         1791354134.504  3593  4405 I UserAwareMgr: handleTopAppChanged: com.android.systemui, pid: 5400, uid: 10236
         1791354140.283  3593  4405 I UserAwareMgr: handleTopAppChanged: com.ss.android.ugc.aweme, pid: 19821, uid: 10459
         1791354190.159  3593  4405 I UserAwareMgr: handleTopAppChanged: com.android.systemui, pid: 5400, uid: 10236
         1791354193.328  3593  4405 I UserAwareMgr: handleTopAppChanged: com.ss.android.ugc.aweme, pid: 19821, uid: 10459
         1791354222.392  3593  4405 I UserAwareMgr: handleTopAppChanged: com.android.launcher, pid: 5715, uid: 10229
         1791354224.100  3593  4405 I UserAwareMgr: handleTopAppChanged: io.github.mangi.eta, pid: 11436, uid: 10368
         1791354239.607  3593  4405 I UserAwareMgr: handleTopAppChanged: com.android.launcher, pid: 5715, uid: 10229
         1791354248.604  3593  4405 I UserAwareMgr: handleTopAppChanged: com.tencent.mobileqq, pid: 18852, uid: 10451
         1791354250.657  3593  4405 I UserAwareMgr: handleTopAppChanged: com.android.launcher, pid: 5715, uid: 10229
         1791354252.136  3593  4405 I UserAwareMgr: handleTopAppChanged: com.ss.android.ugc.aweme, pid: 19821, uid: 10459
         1791354260.255  3593  4405 I UserAwareMgr: handleTopAppChanged: com.android.launcher, pid: 5715, uid: 10229
         1791354264.178  3593  4405 I UserAwareMgr: handleTopAppChanged: org.telegram.messenger, pid: 31660, uid: 10366
         1791354265.346  3593  4405 I UserAwareMgr: handleTopAppChanged: org.telegram.messenger, pid: 31660, uid: 10366
         1791354302.832  3593  4405 I UserAwareMgr: handleTopAppChanged: com.android.launcher, pid: 5715, uid: 10229
         1791354306.173  3593  4405 I UserAwareMgr: handleTopAppChanged: com.ss.android.ugc.aweme, pid: 19821, uid: 10459
         1791354501.388  3593  4405 I UserAwareMgr: handleTopAppChanged: com.android.launcher, pid: 5715, uid: 10229
         1791354503.281  3593  4405 I UserAwareMgr: handleTopAppChanged: io.github.mangi.eta, pid: 11436, uid: 10368
         1791354949.668  3593  4405 I UserAwareMgr: handleTopAppChanged: com.android.systemui, pid: 5400, uid: 10236
         1791354958.986  3593  4405 I UserAwareMgr: handleTopAppChanged: io.github.mangi.eta, pid: 11436, uid: 10368
         1791356016.303  3593  4405 I UserAwareMgr: handleTopAppChanged: com.android.systemui, pid: 5400, uid: 10236
         1791356025.609  3593  4405 I UserAwareMgr: handleTopAppChanged: io.github.mangi.eta, pid: 11436, uid: 10368
         1791356047.664  3593  4405 I UserAwareMgr: handleTopAppChanged: com.android.launcher, pid: 5715, uid: 10229
         1791356050.340  3593  4405 I UserAwareMgr: handleTopAppChanged: com.tencent.mm, pid: 17198, uid: 10460
         1791356051.186  3593  4405 I UserAwareMgr: handleTopAppChanged: com.android.launcher, pid: 5715, uid: 10229
         1791356052.683  3593  4405 I UserAwareMgr: handleTopAppChanged: com.android.systemui, pid: 5400, uid: 10236
         1791356058.294  3593  4405 I UserAwareMgr: handleTopAppChanged: com.sankuai.meituan, pid: 6625, uid: 10456
         1791356110.437  3593  4405 I UserAwareMgr: handleTopAppChanged: com.android.launcher, pid: 5715, uid: 10229
         1791356111.493  3593  4405 I UserAwareMgr: handleTopAppChanged: com.tencent.mm, pid: 17198, uid: 10460
         1791356112.547  3593  4405 I UserAwareMgr: handleTopAppChanged: com.android.launcher, pid: 5715, uid: 10229
         1791356114.163  3593  4405 I UserAwareMgr: handleTopAppChanged: io.github.mangi.eta, pid: 11436, uid: 10368
         1791356140.102  3593  4405 I UserAwareMgr: handleTopAppChanged: com.android.systemui, pid: 5400, uid: 10236
         1791356140.303  3593  4405 I UserAwareMgr: handleTopAppChanged: com.android.systemui, pid: 5400, uid: 10236
         1791356179.973  3593  4405 I UserAwareMgr: handleTopAppChanged: io.github.mangi.eta, pid: 11436, uid: 10368
         1791356272.844  3593  4405 I UserAwareMgr: handleTopAppChanged: com.android.launcher, pid: 5715, uid: 10229
         1791356273.600  3593  4405 I UserAwareMgr: handleTopAppChanged: com.tencent.mm, pid: 17198, uid: 10460
         1791356284.351  3593  4405 I UserAwareMgr: handleTopAppChanged: com.android.launcher, pid: 5715, uid: 10229
         1791356285.323  3593  4405 I UserAwareMgr: handleTopAppChanged: io.github.mangi.eta, pid: 11436, uid: 10368
         1791356507.958  3593  4405 I UserAwareMgr: handleTopAppChanged: com.android.systemui, pid: 5400, uid: 10236
         1791356517.279  3593  4405 I UserAwareMgr: handleTopAppChanged: io.github.mangi.eta, pid: 11436, uid: 10368
         1791357546.404  3593  4405 I UserAwareMgr: handleTopAppChanged: com.android.systemui, pid: 5400, uid: 10236
         1791357555.693  3593  4405 I UserAwareMgr: handleTopAppChanged: io.github.mangi.eta, pid: 11436, uid: 10368
         1791358431.632  3593  4405 I UserAwareMgr: handleTopAppChanged: com.android.systemui, pid: 5400, uid: 10236
         1791358440.945  3593  4405 I UserAwareMgr: handleTopAppChanged: io.github.mangi.eta, pid: 11436, uid: 10368
         1791359061.484  3593  4405 I UserAwareMgr: handleTopAppChanged: com.android.systemui, pid: 5400, uid: 10236
         1791359070.795  3593  4405 I UserAwareMgr: handleTopAppChanged: io.github.mangi.eta, pid: 11436, uid: 10368
         1791359310.944  3593  4405 I UserAwareMgr: handleTopAppChanged: com.android.launcher, pid: 5715, uid: 10229
         1791359311.872  3593  4405 I UserAwareMgr: handleTopAppChanged: com.tencent.mm, pid: 17198, uid: 10460
         1791359324.071  3593  4405 I UserAwareMgr: handleTopAppChanged: com.android.launcher, pid: 5715, uid: 10229
         1791359325.279  3593  4405 I UserAwareMgr: handleTopAppChanged: io.github.mangi.eta, pid: 11436, uid: 10368
         1791360878.016  3593  4405 I UserAwareMgr: handleTopAppChanged: com.android.launcher, pid: 5715, uid: 10229
         1791360878.971  3593  4405 I UserAwareMgr: handleTopAppChanged: com.android.systemui, pid: 5400, uid: 10236
         1791360886.326  3593  4405 I UserAwareMgr: handleTopAppChanged: com.coolapk.market, pid: 24842, uid: 10450
         1791360942.250  3593  4405 I UserAwareMgr: handleTopAppChanged: com.android.launcher, pid: 5715, uid: 10229
         1791360943.539  3593  4405 I UserAwareMgr: handleTopAppChanged: io.github.mangi.eta, pid: 11436, uid: 10368
