CMake Deprecation Warning at /workspace/android-sdk/ndk/26.3.11579264/build/cmake/android.toolchain.cmake:34 (cmake_minimum_required):
  Compatibility with CMake < 3.10 will be removed from a future version of
  CMake.

  Update the VERSION argument <min> value.  Or, use the <min>...<max> syntax
  to tell CMake that the project requires at least <min> but has been updated
  to work with policies introduced by <max> or earlier.
Call Stack (most recent call first):
  /usr/share/cmake-3.31/Modules/CMakeDetermineSystem.cmake:146 (include)
  CMakeLists.txt:2 (project)


CMake Deprecation Warning at /workspace/android-sdk/ndk/26.3.11579264/build/cmake/android-legacy.toolchain.cmake:34 (cmake_minimum_required):
  Compatibility with CMake < 3.10 will be removed from a future version of
  CMake.

  Update the VERSION argument <min> value.  Or, use the <min>...<max> syntax
  to tell CMake that the project requires at least <min> but has been updated
  to work with policies introduced by <max> or earlier.
Call Stack (most recent call first):
  /workspace/android-sdk/ndk/26.3.11579264/build/cmake/android.toolchain.cmake:54 (include)
  /usr/share/cmake-3.31/Modules/CMakeDetermineSystem.cmake:146 (include)
  CMakeLists.txt:2 (project)


CMake Deprecation Warning at /workspace/android-sdk/ndk/26.3.11579264/build/cmake/android.toolchain.cmake:34 (cmake_minimum_required):
  Compatibility with CMake < 3.10 will be removed from a future version of
  CMake.

  Update the VERSION argument <min> value.  Or, use the <min>...<max> syntax
  to tell CMake that the project requires at least <min> but has been updated
  to work with policies introduced by <max> or earlier.
Call Stack (most recent call first):
  build/CMakeFiles/3.31.6/CMakeSystem.cmake:6 (include)
  CMakeLists.txt:2 (project)


CMake Deprecation Warning at /workspace/android-sdk/ndk/26.3.11579264/build/cmake/android.toolchain.cmake:34 (cmake_minimum_required):
  Compatibility with CMake < 3.10 will be removed from a future version of
  CMake.

  Update the VERSION argument <min> value.  Or, use the <min>...<max> syntax
  to tell CMake that the project requires at least <min> but has been updated
  to work with policies introduced by <max> or earlier.
Call Stack (most recent call first):
  /workspace/cos-sched-memory/runtime/build/CMakeFiles/3.31.6/CMakeSystem.cmake:6 (include)
  /workspace/cos-sched-memory/runtime/build/CMakeFiles/CMakeScratch/TryCompile-QUz3ND/CMakeLists.txt:4 (project)


CMake Deprecation Warning at /workspace/android-sdk/ndk/26.3.11579264/build/cmake/android-legacy.toolchain.cmake:34 (cmake_minimum_required):
  Compatibility with CMake < 3.10 will be removed from a future version of
  CMake.

  Update the VERSION argument <min> value.  Or, use the <min>...<max> syntax
  to tell CMake that the project requires at least <min> but has been updated
  to work with policies introduced by <max> or earlier.
Call Stack (most recent call first):
  /workspace/android-sdk/ndk/26.3.11579264/build/cmake/android.toolchain.cmake:54 (include)
  /workspace/cos-sched-memory/runtime/build/CMakeFiles/3.31.6/CMakeSystem.cmake:6 (include)
  /workspace/cos-sched-memory/runtime/build/CMakeFiles/CMakeScratch/TryCompile-QUz3ND/CMakeLists.txt:4 (project)


CMake Deprecation Warning at /workspace/android-sdk/ndk/26.3.11579264/build/cmake/android.toolchain.cmake:34 (cmake_minimum_required):
  Compatibility with CMake < 3.10 will be removed from a future version of
  CMake.

  Update the VERSION argument <min> value.  Or, use the <min>...<max> syntax
  to tell CMake that the project requires at least <min> but has been updated
  to work with policies introduced by <max> or earlier.
Call Stack (most recent call first):
  /workspace/cos-sched-memory/runtime/build/CMakeFiles/3.31.6/CMakeSystem.cmake:6 (include)
  /workspace/cos-sched-memory/runtime/build/CMakeFiles/CMakeScratch/TryCompile-tkgTC0/CMakeLists.txt:4 (project)


CMake Deprecation Warning at /workspace/android-sdk/ndk/26.3.11579264/build/cmake/android-legacy.toolchain.cmake:34 (cmake_minimum_required):
  Compatibility with CMake < 3.10 will be removed from a future version of
  CMake.

  Update the VERSION argument <min> value.  Or, use the <min>...<max> syntax
  to tell CMake that the project requires at least <min> but has been updated
  to work with policies introduced by <max> or earlier.
Call Stack (most recent call first):
  /workspace/android-sdk/ndk/26.3.11579264/build/cmake/android.toolchain.cmake:54 (include)
  /workspace/cos-sched-memory/runtime/build/CMakeFiles/3.31.6/CMakeSystem.cmake:6 (include)
  /workspace/cos-sched-memory/runtime/build/CMakeFiles/CMakeScratch/TryCompile-tkgTC0/CMakeLists.txt:4 (project)


CMake Deprecation Warning at /workspace/android-sdk/ndk/26.3.11579264/build/cmake/android.toolchain.cmake:34 (cmake_minimum_required):
  Compatibility with CMake < 3.10 will be removed from a future version of
  CMake.

  Update the VERSION argument <min> value.  Or, use the <min>...<max> syntax
  to tell CMake that the project requires at least <min> but has been updated
  to work with policies introduced by <max> or earlier.
Call Stack (most recent call first):
  /workspace/cos-sched-memory/runtime/build/CMakeFiles/3.31.6/CMakeSystem.cmake:6 (include)
  /workspace/cos-sched-memory/runtime/build/CMakeFiles/CMakeScratch/TryCompile-2iK1PN/CMakeLists.txt:4 (project)


CMake Deprecation Warning at /workspace/android-sdk/ndk/26.3.11579264/build/cmake/android-legacy.toolchain.cmake:34 (cmake_minimum_required):
  Compatibility with CMake < 3.10 will be removed from a future version of
  CMake.

  Update the VERSION argument <min> value.  Or, use the <min>...<max> syntax
  to tell CMake that the project requires at least <min> but has been updated
  to work with policies introduced by <max> or earlier.
Call Stack (most recent call first):
  /workspace/android-sdk/ndk/26.3.11579264/build/cmake/android.toolchain.cmake:54 (include)
  /workspace/cos-sched-memory/runtime/build/CMakeFiles/3.31.6/CMakeSystem.cmake:6 (include)
  /workspace/cos-sched-memory/runtime/build/CMakeFiles/CMakeScratch/TryCompile-2iK1PN/CMakeLists.txt:4 (project)


CMake Deprecation Warning at /workspace/android-sdk/ndk/26.3.11579264/build/cmake/android.toolchain.cmake:34 (cmake_minimum_required):
  Compatibility with CMake < 3.10 will be removed from a future version of
  CMake.

  Update the VERSION argument <min> value.  Or, use the <min>...<max> syntax
  to tell CMake that the project requires at least <min> but has been updated
  to work with policies introduced by <max> or earlier.
Call Stack (most recent call first):
  /workspace/cos-sched-memory/runtime/build/CMakeFiles/3.31.6/CMakeSystem.cmake:6 (include)
  /workspace/cos-sched-memory/runtime/build/CMakeFiles/CMakeScratch/TryCompile-aFQc15/CMakeLists.txt:4 (project)


CMake Deprecation Warning at /workspace/android-sdk/ndk/26.3.11579264/build/cmake/android-legacy.toolchain.cmake:34 (cmake_minimum_required):
  Compatibility with CMake < 3.10 will be removed from a future version of
  CMake.

  Update the VERSION argument <min> value.  Or, use the <min>...<max> syntax
  to tell CMake that the project requires at least <min> but has been updated
  to work with policies introduced by <max> or earlier.
Call Stack (most recent call first):
  /workspace/android-sdk/ndk/26.3.11579264/build/cmake/android.toolchain.cmake:54 (include)
  /workspace/cos-sched-memory/runtime/build/CMakeFiles/3.31.6/CMakeSystem.cmake:6 (include)
  /workspace/cos-sched-memory/runtime/build/CMakeFiles/CMakeScratch/TryCompile-aFQc15/CMakeLists.txt:4 (project)


CMake Deprecation Warning at /workspace/android-sdk/ndk/26.3.11579264/build/cmake/android.toolchain.cmake:34 (cmake_minimum_required):
  Compatibility with CMake < 3.10 will be removed from a future version of
  CMake.

  Update the VERSION argument <min> value.  Or, use the <min>...<max> syntax
  to tell CMake that the project requires at least <min> but has been updated
  to work with policies introduced by <max> or earlier.
Call Stack (most recent call first):
  /workspace/cos-sched-memory/runtime/build/CMakeFiles/3.31.6/CMakeSystem.cmake:6 (include)
  /workspace/cos-sched-memory/runtime/build/CMakeFiles/CMakeScratch/TryCompile-QtwPPq/CMakeLists.txt:4 (project)


CMake Deprecation Warning at /workspace/android-sdk/ndk/26.3.11579264/build/cmake/android-legacy.toolchain.cmake:34 (cmake_minimum_required):
  Compatibility with CMake < 3.10 will be removed from a future version of
  CMake.

  Update the VERSION argument <min> value.  Or, use the <min>...<max> syntax
  to tell CMake that the project requires at least <min> but has been updated
  to work with policies introduced by <max> or earlier.
Call Stack (most recent call first):
  /workspace/android-sdk/ndk/26.3.11579264/build/cmake/android.toolchain.cmake:54 (include)
  /workspace/cos-sched-memory/runtime/build/CMakeFiles/3.31.6/CMakeSystem.cmake:6 (include)
  /workspace/cos-sched-memory/runtime/build/CMakeFiles/CMakeScratch/TryCompile-QtwPPq/CMakeLists.txt:4 (project)


[1/5] Building CXX object CMakeFiles/URORuntime.dir/src/adapter.cpp.o
[2/5] Building CXX object CMakeFiles/URORuntime.dir/src/drivers.cpp.o
[3/5] Building CXX object CMakeFiles/URORuntime.dir/src/controllers.cpp.o
/workspace/cos-sched-memory/runtime/src/controllers.cpp:588:9: warning: private field 'maxHint_' is not used [-Wunused-private-field]
    int maxHint_ = -1;
        ^
1 warning generated.
[4/5] Building CXX object CMakeFiles/URORuntime.dir/src/main.cpp.o
In file included from /workspace/cos-sched-memory/runtime/src/main.cpp:7:
/workspace/cos-sched-memory/runtime/include/policy_manager.hpp:205:64: warning: unused parameter 'st' [-Wunused-parameter]
    ScenarioTactics tactics_for(Scenario s, const GlobalState& st) {
                                                               ^
1 warning generated.
[5/5] Linking CXX executable bin/URORuntime
FAILED: bin/URORuntime 
: && /workspace/android-sdk/ndk/26.3.11579264/toolchains/llvm/prebuilt/linux-x86_64/bin/clang++ --target=aarch64-none-linux-android29 --sysroot=/workspace/android-sdk/ndk/26.3.11579264/toolchains/llvm/prebuilt/linux-x86_64/sysroot -g -DANDROID -fdata-sections -ffunction-sections -funwind-tables -fstack-protector-strong -no-canonical-prefixes -D_FORTIFY_SOURCE=2 -Wformat -Werror=format-security   -Wall -Wextra -Werror=multichar -O3 -DNDEBUG  -O2 -static-libstdc++ -Wl,--build-id=sha1 -Wl,--no-rosegment -Wl,--no-undefined-version -Wl,--fatal-warnings -Wl,--no-undefined -Qunused-arguments   -Wl,--gc-sections  -Wl,--gc-sections -Wl,--strip-all   -Xlinker --dependency-file=CMakeFiles/URORuntime.dir/link.d CMakeFiles/URORuntime.dir/src/main.cpp.o CMakeFiles/URORuntime.dir/src/drivers.cpp.o CMakeFiles/URORuntime.dir/src/adapter.cpp.o CMakeFiles/URORuntime.dir/src/controllers.cpp.o -o bin/URORuntime  -pthread  -latomic -lm && :
ld.lld: error: bin/URORuntime:(.eh_frame+0x26b0): relocation R_AARCH64_PREL32 out of range: -536803642528 is not in [-2147483648, 4294967295]
ld.lld: error: bin/URORuntime:(.eh_frame+0x26dc): relocation R_AARCH64_PREL32 out of range: -536803642536 is not in [-2147483648, 4294967295]
ld.lld: error: bin/URORuntime:(.eh_frame+0x270c): relocation R_AARCH64_PREL32 out of range: -536803642360 is not in [-2147483648, 4294967295]
ld.lld: error: bin/URORuntime:(.eh_frame+0x2738): relocation R_AARCH64_PREL32 out of range: -536803642148 is not in [-2147483648, 4294967295]
ld.lld: error: bin/URORuntime:(.eh_frame+0x2764): relocation R_AARCH64_PREL32 out of range: -536803642132 is not in [-2147483648, 4294967295]
ld.lld: error: bin/URORuntime:(.eh_frame+0x27a0): relocation R_AARCH64_PREL32 out of range: -536803642124 is not in [-2147483648, 4294967295]
ld.lld: error: bin/URORuntime:(.eh_frame+0xb5c0): relocation R_AARCH64_PREL32 out of range: -536803679040 is not in [-2147483648, 4294967295]
ld.lld: error: bin/URORuntime:(.eh_frame+0xb608): relocation R_AARCH64_PREL32 out of range: -536803678912 is not in [-2147483648, 4294967295]
PLEASE submit a bug report to https://github.com/android-ndk/ndk/issues and include the crash backtrace.
clang++: error: linker command failed with exit code 1 (use -v to see invocation)
ninja: build stopped: subcommand failed.
BUILD_RC=1
